
▸ Chautéh  (#436 · chauteh)

  ANTES — respaldo para revertir:
    image_url        = https://c5htob7za0dl3b5x.public.blob.vercel-storage.com/mitos/chauteh-1789264739148-IRcOrbVcJdEu31bKKTpZz34jxtS23H.jpg
    vertical_images  = https://c5htob7za0dl3b5x.public.blob.vercel-storage.com/vertical/myth/chauteh-1789264739712-5NwGoZGnxdHygr9s7nBLvYY7kIlOYY.jpg
    square_image_url = https://c5htob7za0dl3b5x.public.blob.vercel-storage.com/square/myth/chauteh-1789264739956-R2ir59L061GqCRzQXv5sh5TjzVynIz.jpg

  ESCENAS a publicar:
    entrada  1536×1024 → 1536×1024  entrada-horizontal.jpeg
    acto     1024×1536 → 1024×1536  acto-vertical.jpeg
    huella   1254×1254 → 1254×1254  huella-cuadrada.jpeg
    ✓ entrada 1536×1024 · 645 KB → https://c5htob7za0dl3b5x.public.blob.vercel-storage.com/mitos/chauteh-1789326304844-akR3d23hrgDCNnPg0PUxqN8eyqRUnQ.jpg
    ✓ acto 1024×1536 · 676 KB → https://c5htob7za0dl3b5x.public.blob.vercel-storage.com/vertical/myth/chauteh-1789326306082-giLxlCapaH2z4fL39RpBg6ek56wpLj.jpg
    ✓ huella 1254×1254 · 536 KB → https://c5htob7za0dl3b5x.public.blob.vercel-storage.com/square/myth/chauteh-1789326306420-iVLp9j3x9NPk6o8z2nlX3uKoRahXog.jpg

  DESPUÉS (fila vertical creada):
    image_url        = https://c5htob7za0dl3b5x.public.blob.vercel-storage.com/mitos/chauteh-1789326304844-akR3d23hrgDCNnPg0PUxqN8eyqRUnQ.jpg
    vertical_images  = https://c5htob7za0dl3b5x.public.blob.vercel-storage.com/vertical/myth/chauteh-1789326306082-giLxlCapaH2z4fL39RpBg6ek56wpLj.jpg
    square_image_url = https://c5htob7za0dl3b5x.public.blob.vercel-storage.com/square/myth/chauteh-1789326306420-iVLp9j3x9NPk6o8z2nlX3uKoRahXog.jpg

  ✓ Caché purgada: /mitos/chauteh, /mitos
  ✓ Recibo aditivo: /Users/alegut/MyApps/Personal/mitos_colombia/content/videos/nasa-paeces/tripticos/maqueta-3d-20260913/publication-receipts/nasa-maqueta-3d-20260913/chauteh.json


(node:51993) [MODULE_TYPELESS_PACKAGE_JSON] Warning: Module type of file:///Users/alegut/MyApps/Personal/mitos_colombia/src/lib/image-generation.js is not specified and it doesn't parse as CommonJS.
Reparsing as ES module because module syntax was detected. This incurs a performance overhead.
To eliminate this warning, add "type": "module" to /Users/alegut/MyApps/Personal/mitos_colombia/package.json.
(Use `node --trace-warnings ...` to show where the warning was created)
