 Image mitos_colombia-web Building 
#1 [internal] load local bake definitions
#1 reading from stdin 565B done
#1 DONE 0.0s

#2 [internal] load build definition from Dockerfile
#2 transferring dockerfile: 602B done
#2 DONE 0.0s

#3 [internal] load metadata for docker.io/library/node:20-alpine
#3 DONE 0.8s

#4 [internal] load .dockerignore
#4 transferring context: 185B done
#4 DONE 0.0s

#5 [base 1/6] FROM docker.io/library/node:20-alpine@sha256:fb4cd12c85ee03686f6af5362a0b0d56d50c58a04632e6c0fb8363f609372293
#5 resolve docker.io/library/node:20-alpine@sha256:fb4cd12c85ee03686f6af5362a0b0d56d50c58a04632e6c0fb8363f609372293 0.0s done
#5 DONE 0.0s

#6 [internal] load build context
#6 transferring context: 264.10MB 1.9s done
#6 DONE 1.9s

#7 [base 2/6] WORKDIR /app
#7 CACHED

#8 [base 3/6] RUN apk add --no-cache python3 make g++
#8 CACHED

#9 [base 4/6] COPY package*.json ./
#9 CACHED

#10 [base 5/6] RUN npm install
#10 CACHED

#11 [base 6/6] COPY . .
#11 DONE 8.6s

#12 exporting to image
#12 exporting layers
#12 exporting layers 67.0s done
#12 exporting manifest sha256:60b6bbab1fc8038895be326f390cc7be6c5621206d5b392e101f54e5256d1f0c done
#12 exporting config sha256:467d0d452be98ec34cbbe6af4e56d102e9f04e952f69a0ce7dde12c774b7d0dc done
#12 exporting attestation manifest sha256:1288270ac7ad22b5d42daeaa260535f7e675e5af35da5f3d50f290c9781aca42 0.0s done
#12 exporting manifest list sha256:c7446a97bbdcaf89b496ffc95a5aa66cc5747da1cbe04ed51eb76c94d5630a98 done
#12 naming to docker.io/library/mitos_colombia-web:latest done
#12 unpacking to docker.io/library/mitos_colombia-web:latest
#12 unpacking to docker.io/library/mitos_colombia-web:latest 13.3s done
#12 DONE 80.3s

#13 resolving provenance for metadata file
#13 DONE 0.0s
 Image mitos_colombia-web Built 
 Container mitos_colombia-web-1 Recreate 
 Container mitos_colombia-web-1 Recreated 
 Container mitos_colombia-web-1 Starting 
 Container mitos_colombia-web-1 Started 
