
▸ El armadillo de mina  (#445 · el-armadillo-de-mina)

  ANTES — respaldo para revertir:
    image_url        = https://c5htob7za0dl3b5x.public.blob.vercel-storage.com/mitos/el-armadillo-de-mina-1789266119135-UsuqFC8TjkCnEvUA7VTHnug0n8GqnO.jpg
    vertical_images  = https://c5htob7za0dl3b5x.public.blob.vercel-storage.com/vertical/myth/el-armadillo-de-mina-1789266119924-QIZqOr3ph6a7TIaCPIszlSwbsiLwcS.jpg
    square_image_url = https://c5htob7za0dl3b5x.public.blob.vercel-storage.com/square/myth/el-armadillo-de-mina-1789266120290-NSI7snPjW1t7jYwensyDT2S53N8f8u.jpg

  ESCENAS a publicar:
    entrada  1536×1024 → 1536×1024  entrada-horizontal.jpeg
    acto     1024×1536 → 1024×1536  acto-vertical.jpeg
    huella   1254×1254 → 1254×1254  huella-cuadrada.jpeg
    ✓ entrada 1536×1024 · 721 KB → https://c5htob7za0dl3b5x.public.blob.vercel-storage.com/mitos/el-armadillo-de-mina-1789327601739-bO0lAXsGkUHSAgf1otkPpckOyelT0R.jpg
    ✓ acto 1024×1536 · 642 KB → https://c5htob7za0dl3b5x.public.blob.vercel-storage.com/vertical/myth/el-armadillo-de-mina-1789327602724-MGhh7S8DAcl7qwatALB6w1HAEnNgDz.jpg
    ✓ huella 1254×1254 · 682 KB → https://c5htob7za0dl3b5x.public.blob.vercel-storage.com/square/myth/el-armadillo-de-mina-1789327602927-HqYazjE6dNIoQnLxF3Oje1BTBGTzgJ.jpg

  DESPUÉS (fila vertical creada):
    image_url        = https://c5htob7za0dl3b5x.public.blob.vercel-storage.com/mitos/el-armadillo-de-mina-1789327601739-bO0lAXsGkUHSAgf1otkPpckOyelT0R.jpg
    vertical_images  = https://c5htob7za0dl3b5x.public.blob.vercel-storage.com/vertical/myth/el-armadillo-de-mina-1789327602724-MGhh7S8DAcl7qwatALB6w1HAEnNgDz.jpg
    square_image_url = https://c5htob7za0dl3b5x.public.blob.vercel-storage.com/square/myth/el-armadillo-de-mina-1789327602927-HqYazjE6dNIoQnLxF3Oje1BTBGTzgJ.jpg

  ✓ Caché purgada: /mitos/el-armadillo-de-mina, /mitos
  ✓ Recibo aditivo: /Users/alegut/MyApps/Personal/mitos_colombia/content/videos/nasa-paeces/tripticos/maqueta-3d-20260913/publication-receipts/nasa-maqueta-3d-20260913/el-armadillo-de-mina.json


(node:53624) [MODULE_TYPELESS_PACKAGE_JSON] Warning: Module type of file:///Users/alegut/MyApps/Personal/mitos_colombia/src/lib/image-generation.js is not specified and it doesn't parse as CommonJS.
Reparsing as ES module because module syntax was detected. This incurs a performance overhead.
To eliminate this warning, add "type": "module" to /Users/alegut/MyApps/Personal/mitos_colombia/package.json.
(Use `node --trace-warnings ...` to show where the warning was created)
