
▸ El dalo  (#452 · el-dalo)

  ANTES — respaldo para revertir:
    image_url        = https://c5htob7za0dl3b5x.public.blob.vercel-storage.com/mitos/el-dalo-1789266256782-EckIvax22FKXcivleNiVMVvPty2UHj.jpg
    vertical_images  = https://c5htob7za0dl3b5x.public.blob.vercel-storage.com/vertical/myth/el-dalo-1789266257569-VmF946SjmrmOP09jMjaVJTL3OZ02NQ.jpg
    square_image_url = https://c5htob7za0dl3b5x.public.blob.vercel-storage.com/square/myth/el-dalo-1789266257948-6o6vZyVDcLhCkafRUIRE9uBUAkRUyW.jpg

  ESCENAS a publicar:
    entrada  1536×1024 → 1536×1024  entrada-horizontal.jpeg
    acto     1024×1536 → 1024×1536  acto-vertical.jpeg
    huella   1254×1254 → 1254×1254  huella-cuadrada.jpeg
    ✓ entrada 1536×1024 · 682 KB → https://c5htob7za0dl3b5x.public.blob.vercel-storage.com/mitos/el-dalo-1789328535090-MuXtmcLrcIO9supjGcU1vvdA1IpgCI.jpg
    ✓ acto 1024×1536 · 669 KB → https://c5htob7za0dl3b5x.public.blob.vercel-storage.com/vertical/myth/el-dalo-1789328535756-HXvqaJvyru3nbnLJC7H0CiRfZ1H74y.jpg
    ✓ huella 1254×1254 · 630 KB → https://c5htob7za0dl3b5x.public.blob.vercel-storage.com/square/myth/el-dalo-1789328535974-mmpuPZIS7QOSvb0ciRabz3XVvNreYb.jpg

  DESPUÉS (fila vertical creada):
    image_url        = https://c5htob7za0dl3b5x.public.blob.vercel-storage.com/mitos/el-dalo-1789328535090-MuXtmcLrcIO9supjGcU1vvdA1IpgCI.jpg
    vertical_images  = https://c5htob7za0dl3b5x.public.blob.vercel-storage.com/vertical/myth/el-dalo-1789328535756-HXvqaJvyru3nbnLJC7H0CiRfZ1H74y.jpg
    square_image_url = https://c5htob7za0dl3b5x.public.blob.vercel-storage.com/square/myth/el-dalo-1789328535974-mmpuPZIS7QOSvb0ciRabz3XVvNreYb.jpg

  ✓ Caché purgada: /mitos/el-dalo, /mitos
  ✓ Recibo aditivo: /Users/alegut/MyApps/Personal/mitos_colombia/content/videos/nasa-paeces/tripticos/maqueta-3d-20260913/publication-receipts/nasa-maqueta-3d-20260913/el-dalo.json


(node:55326) [MODULE_TYPELESS_PACKAGE_JSON] Warning: Module type of file:///Users/alegut/MyApps/Personal/mitos_colombia/src/lib/image-generation.js is not specified and it doesn't parse as CommonJS.
Reparsing as ES module because module syntax was detected. This incurs a performance overhead.
To eliminate this warning, add "type": "module" to /Users/alegut/MyApps/Personal/mitos_colombia/package.json.
(Use `node --trace-warnings ...` to show where the warning was created)
