
▸ El diablo  (#447 · el-diablo-nasa-paeces)

  ANTES — respaldo para revertir:
    image_url        = https://c5htob7za0dl3b5x.public.blob.vercel-storage.com/mitos/el-diablo-nasa-paeces-1789266119816-dyGJJ8TamR8UnuG5bmwOIlTqB9iTuo.jpg
    vertical_images  = https://c5htob7za0dl3b5x.public.blob.vercel-storage.com/vertical/myth/el-diablo-nasa-paeces-1789266120458-P1bwKDlwP12hy6S9WwXM3KZQKeGYIM.jpg
    square_image_url = https://c5htob7za0dl3b5x.public.blob.vercel-storage.com/square/myth/el-diablo-nasa-paeces-1789266120684-LYKPkPQBwzJymEvJzBqj7SD0VaAxua.jpg

  ESCENAS a publicar:
    entrada  1536×1024 → 1536×1024  entrada-horizontal.jpeg
    acto     1024×1536 → 1024×1536  acto-vertical.jpeg
    huella   1254×1254 → 1254×1254  huella-cuadrada.jpeg
    ✓ entrada 1536×1024 · 655 KB → https://c5htob7za0dl3b5x.public.blob.vercel-storage.com/mitos/el-diablo-nasa-paeces-1789328053490-hZoCt2h4384DGeieJurE1gMBTxWtaS.jpg
    ✓ acto 1024×1536 · 643 KB → https://c5htob7za0dl3b5x.public.blob.vercel-storage.com/vertical/myth/el-diablo-nasa-paeces-1789328054240-75hmPYm3SuNUWKyiv5QRAUHfJfTN60.jpg
    ✓ huella 1254×1254 · 674 KB → https://c5htob7za0dl3b5x.public.blob.vercel-storage.com/square/myth/el-diablo-nasa-paeces-1789328054532-vMFsVi7ZsCnJ55hFmIarrPxKPWSnsF.jpg

  DESPUÉS (fila vertical creada):
    image_url        = https://c5htob7za0dl3b5x.public.blob.vercel-storage.com/mitos/el-diablo-nasa-paeces-1789328053490-hZoCt2h4384DGeieJurE1gMBTxWtaS.jpg
    vertical_images  = https://c5htob7za0dl3b5x.public.blob.vercel-storage.com/vertical/myth/el-diablo-nasa-paeces-1789328054240-75hmPYm3SuNUWKyiv5QRAUHfJfTN60.jpg
    square_image_url = https://c5htob7za0dl3b5x.public.blob.vercel-storage.com/square/myth/el-diablo-nasa-paeces-1789328054532-vMFsVi7ZsCnJ55hFmIarrPxKPWSnsF.jpg

  ✓ Caché purgada: /mitos/el-diablo-nasa-paeces, /mitos
  ✓ Recibo aditivo: /Users/alegut/MyApps/Personal/mitos_colombia/content/videos/nasa-paeces/tripticos/maqueta-3d-20260913/publication-receipts/nasa-maqueta-3d-20260913/el-diablo-nasa-paeces.json


(node:54049) [MODULE_TYPELESS_PACKAGE_JSON] Warning: Module type of file:///Users/alegut/MyApps/Personal/mitos_colombia/src/lib/image-generation.js is not specified and it doesn't parse as CommonJS.
Reparsing as ES module because module syntax was detected. This incurs a performance overhead.
To eliminate this warning, add "type": "module" to /Users/alegut/MyApps/Personal/mitos_colombia/package.json.
(Use `node --trace-warnings ...` to show where the warning was created)
