
▸ El hombre flaco  (#446 · el-hombre-flaco)

  ANTES — respaldo para revertir:
    image_url        = https://c5htob7za0dl3b5x.public.blob.vercel-storage.com/mitos/el-hombre-flaco-1789266120263-X1UeoDzvS52q4VrVCH0Fmvs51h4sB5.jpg
    vertical_images  = https://c5htob7za0dl3b5x.public.blob.vercel-storage.com/vertical/myth/el-hombre-flaco-1789266120863-DBFZGS0kRt2BJ8rrz8puTCeVF14XVY.jpg
    square_image_url = https://c5htob7za0dl3b5x.public.blob.vercel-storage.com/square/myth/el-hombre-flaco-1789266121101-10wGf8BKJ8TmRGPU8EuMaMBHXBxvm6.jpg

  ESCENAS a publicar:
    entrada  1536×1024 → 1536×1024  entrada-horizontal.jpeg
    acto     1024×1536 → 1024×1536  acto-vertical.jpeg
    huella   1254×1254 → 1254×1254  huella-cuadrada.jpeg
    ✓ entrada 1536×1024 · 629 KB → https://c5htob7za0dl3b5x.public.blob.vercel-storage.com/mitos/el-hombre-flaco-1789327615120-UNiJLrL8q2YdZ0Adj0uBOVaasPM4Nj.jpg
    ✓ acto 1024×1536 · 669 KB → https://c5htob7za0dl3b5x.public.blob.vercel-storage.com/vertical/myth/el-hombre-flaco-1789327616010-Qmktc4pRrdz5RU0kFUSqNr4geEbUoq.jpg
    ✓ huella 1254×1254 · 724 KB → https://c5htob7za0dl3b5x.public.blob.vercel-storage.com/square/myth/el-hombre-flaco-1789327616284-qPoBCDQuQuyv1GObsZCQU9vJXkCqeQ.jpg

  DESPUÉS (fila vertical creada):
    image_url        = https://c5htob7za0dl3b5x.public.blob.vercel-storage.com/mitos/el-hombre-flaco-1789327615120-UNiJLrL8q2YdZ0Adj0uBOVaasPM4Nj.jpg
    vertical_images  = https://c5htob7za0dl3b5x.public.blob.vercel-storage.com/vertical/myth/el-hombre-flaco-1789327616010-Qmktc4pRrdz5RU0kFUSqNr4geEbUoq.jpg
    square_image_url = https://c5htob7za0dl3b5x.public.blob.vercel-storage.com/square/myth/el-hombre-flaco-1789327616284-qPoBCDQuQuyv1GObsZCQU9vJXkCqeQ.jpg

  ✓ Caché purgada: /mitos/el-hombre-flaco, /mitos
  ✓ Recibo aditivo: /Users/alegut/MyApps/Personal/mitos_colombia/content/videos/nasa-paeces/tripticos/maqueta-3d-20260913/publication-receipts/nasa-maqueta-3d-20260913/el-hombre-flaco.json


(node:53644) [MODULE_TYPELESS_PACKAGE_JSON] Warning: Module type of file:///Users/alegut/MyApps/Personal/mitos_colombia/src/lib/image-generation.js is not specified and it doesn't parse as CommonJS.
Reparsing as ES module because module syntax was detected. This incurs a performance overhead.
To eliminate this warning, add "type": "module" to /Users/alegut/MyApps/Personal/mitos_colombia/package.json.
(Use `node --trace-warnings ...` to show where the warning was created)
