
▸ El hombre tigre  (#448 · el-hombre-tigre)

  ANTES — respaldo para revertir:
    image_url        = https://c5htob7za0dl3b5x.public.blob.vercel-storage.com/mitos/el-hombre-tigre-1789266119221-IcoYXzJO8q77u9LRqowo81k5vQJUyf.jpg
    vertical_images  = https://c5htob7za0dl3b5x.public.blob.vercel-storage.com/vertical/myth/el-hombre-tigre-1789266119940-YiE8BUHC5D4umJKx0BV79OEyHE0GMQ.jpg
    square_image_url = https://c5htob7za0dl3b5x.public.blob.vercel-storage.com/square/myth/el-hombre-tigre-1789266120180-szFXeESgTb7KPJlctmE1f58siyfOAY.jpg

  ESCENAS a publicar:
    entrada  1536×1024 → 1536×1024  entrada-horizontal.jpeg
    acto     1024×1536 → 1024×1536  acto-vertical.jpeg
    huella   1254×1254 → 1254×1254  huella-cuadrada.jpeg
    ✓ entrada 1536×1024 · 708 KB → https://c5htob7za0dl3b5x.public.blob.vercel-storage.com/mitos/el-hombre-tigre-1789328067376-Z4hFJQpNO1SNywYHyaJyvHVUaQNfkl.jpg
    ✓ acto 1024×1536 · 698 KB → https://c5htob7za0dl3b5x.public.blob.vercel-storage.com/vertical/myth/el-hombre-tigre-1789328068263-30CIQCJBGKNXdFtbAo8lWOT5IBDsV6.jpg
    ✓ huella 1254×1254 · 784 KB → https://c5htob7za0dl3b5x.public.blob.vercel-storage.com/square/myth/el-hombre-tigre-1789328068524-8VpMrbhV7b0I4lFInjmYGlYwv1Zd3D.jpg

  DESPUÉS (fila vertical creada):
    image_url        = https://c5htob7za0dl3b5x.public.blob.vercel-storage.com/mitos/el-hombre-tigre-1789328067376-Z4hFJQpNO1SNywYHyaJyvHVUaQNfkl.jpg
    vertical_images  = https://c5htob7za0dl3b5x.public.blob.vercel-storage.com/vertical/myth/el-hombre-tigre-1789328068263-30CIQCJBGKNXdFtbAo8lWOT5IBDsV6.jpg
    square_image_url = https://c5htob7za0dl3b5x.public.blob.vercel-storage.com/square/myth/el-hombre-tigre-1789328068524-8VpMrbhV7b0I4lFInjmYGlYwv1Zd3D.jpg

  ✓ Caché purgada: /mitos/el-hombre-tigre, /mitos
  ✓ Recibo aditivo: /Users/alegut/MyApps/Personal/mitos_colombia/content/videos/nasa-paeces/tripticos/maqueta-3d-20260913/publication-receipts/nasa-maqueta-3d-20260913/el-hombre-tigre.json


(node:54078) [MODULE_TYPELESS_PACKAGE_JSON] Warning: Module type of file:///Users/alegut/MyApps/Personal/mitos_colombia/src/lib/image-generation.js is not specified and it doesn't parse as CommonJS.
Reparsing as ES module because module syntax was detected. This incurs a performance overhead.
To eliminate this warning, add "type": "module" to /Users/alegut/MyApps/Personal/mitos_colombia/package.json.
(Use `node --trace-warnings ...` to show where the warning was created)
