
▸ El hombre y el perro flaco  (#449 · el-hombre-y-el-perro-flaco)

  ANTES — respaldo para revertir:
    image_url        = https://c5htob7za0dl3b5x.public.blob.vercel-storage.com/mitos/el-hombre-y-el-perro-flaco-1789266119212-0pf2RBlifbum0zzNYuN5LQcmju9fGV.jpg
    vertical_images  = https://c5htob7za0dl3b5x.public.blob.vercel-storage.com/vertical/myth/el-hombre-y-el-perro-flaco-1789266120106-DDC6KZfB3TJasyMD5vvtO5GTM78I3v.jpg
    square_image_url = https://c5htob7za0dl3b5x.public.blob.vercel-storage.com/square/myth/el-hombre-y-el-perro-flaco-1789266120321-U84GCbUuetzGPwwkzmgmwawxZMUKmp.jpg

  ESCENAS a publicar:
    entrada  1536×1024 → 1536×1024  entrada-horizontal.jpeg
    acto     1024×1536 → 1024×1536  acto-vertical.jpeg
    huella   1254×1254 → 1254×1254  huella-cuadrada.jpeg
    ✓ entrada 1536×1024 · 609 KB → https://c5htob7za0dl3b5x.public.blob.vercel-storage.com/mitos/el-hombre-y-el-perro-flaco-1789328080756-f2xhATktYK6mu1vafLQ8TatUAZ5h0b.jpg
    ✓ acto 1024×1536 · 627 KB → https://c5htob7za0dl3b5x.public.blob.vercel-storage.com/vertical/myth/el-hombre-y-el-perro-flaco-1789328081468-qehV3uCbNmgrwfi5CD7U5jw5wmVLej.jpg
    ✓ huella 1254×1254 · 664 KB → https://c5htob7za0dl3b5x.public.blob.vercel-storage.com/square/myth/el-hombre-y-el-perro-flaco-1789328081716-1JdEjeMyadUrL8OEaVhKrkONvw7twD.jpg

  DESPUÉS (fila vertical creada):
    image_url        = https://c5htob7za0dl3b5x.public.blob.vercel-storage.com/mitos/el-hombre-y-el-perro-flaco-1789328080756-f2xhATktYK6mu1vafLQ8TatUAZ5h0b.jpg
    vertical_images  = https://c5htob7za0dl3b5x.public.blob.vercel-storage.com/vertical/myth/el-hombre-y-el-perro-flaco-1789328081468-qehV3uCbNmgrwfi5CD7U5jw5wmVLej.jpg
    square_image_url = https://c5htob7za0dl3b5x.public.blob.vercel-storage.com/square/myth/el-hombre-y-el-perro-flaco-1789328081716-1JdEjeMyadUrL8OEaVhKrkONvw7twD.jpg

  ✓ Caché purgada: /mitos/el-hombre-y-el-perro-flaco, /mitos
  ✓ Recibo aditivo: /Users/alegut/MyApps/Personal/mitos_colombia/content/videos/nasa-paeces/tripticos/maqueta-3d-20260913/publication-receipts/nasa-maqueta-3d-20260913/el-hombre-y-el-perro-flaco.json


(node:54110) [MODULE_TYPELESS_PACKAGE_JSON] Warning: Module type of file:///Users/alegut/MyApps/Personal/mitos_colombia/src/lib/image-generation.js is not specified and it doesn't parse as CommonJS.
Reparsing as ES module because module syntax was detected. This incurs a performance overhead.
To eliminate this warning, add "type": "module" to /Users/alegut/MyApps/Personal/mitos_colombia/package.json.
(Use `node --trace-warnings ...` to show where the warning was created)
