
▸ El mar  (#437 · el-mar)

  ANTES — respaldo para revertir:
    image_url        = https://c5htob7za0dl3b5x.public.blob.vercel-storage.com/mitos/el-mar-1789264739514-BJDhtGXmO9kvrKHKEqcv1Bvv5N6PyQ.jpg
    vertical_images  = https://c5htob7za0dl3b5x.public.blob.vercel-storage.com/vertical/myth/el-mar-1789264740173-xOScjURNQkO3WqOENekNzOqR4yYdRO.jpg
    square_image_url = https://c5htob7za0dl3b5x.public.blob.vercel-storage.com/square/myth/el-mar-1789264740473-8aost7FfXocOXwfopJBLrNFhLaBmgE.jpg

  ESCENAS a publicar:
    entrada  1536×1024 → 1536×1024  entrada-horizontal.jpeg
    acto     1024×1536 → 1024×1536  acto-vertical.jpeg
    huella   1254×1254 → 1254×1254  huella-cuadrada.jpeg
    ✓ entrada 1536×1024 · 742 KB → https://c5htob7za0dl3b5x.public.blob.vercel-storage.com/mitos/el-mar-1789326318479-BuIynpMaadwJYWvin0J6RN5fYpfXgZ.jpg
    ✓ acto 1024×1536 · 586 KB → https://c5htob7za0dl3b5x.public.blob.vercel-storage.com/vertical/myth/el-mar-1789326319082-8z4GHTaWdx6AVFjieZoFnngXKzohwg.jpg
    ✓ huella 1254×1254 · 599 KB → https://c5htob7za0dl3b5x.public.blob.vercel-storage.com/square/myth/el-mar-1789326319340-Isz210EKRhxd2sUv4WwWtQMGn7aEj1.jpg

  DESPUÉS (fila vertical creada):
    image_url        = https://c5htob7za0dl3b5x.public.blob.vercel-storage.com/mitos/el-mar-1789326318479-BuIynpMaadwJYWvin0J6RN5fYpfXgZ.jpg
    vertical_images  = https://c5htob7za0dl3b5x.public.blob.vercel-storage.com/vertical/myth/el-mar-1789326319082-8z4GHTaWdx6AVFjieZoFnngXKzohwg.jpg
    square_image_url = https://c5htob7za0dl3b5x.public.blob.vercel-storage.com/square/myth/el-mar-1789326319340-Isz210EKRhxd2sUv4WwWtQMGn7aEj1.jpg

  ✓ Caché purgada: /mitos/el-mar, /mitos
  ✓ Recibo aditivo: /Users/alegut/MyApps/Personal/mitos_colombia/content/videos/nasa-paeces/tripticos/maqueta-3d-20260913/publication-receipts/nasa-maqueta-3d-20260913/el-mar.json


(node:52010) [MODULE_TYPELESS_PACKAGE_JSON] Warning: Module type of file:///Users/alegut/MyApps/Personal/mitos_colombia/src/lib/image-generation.js is not specified and it doesn't parse as CommonJS.
Reparsing as ES module because module syntax was detected. This incurs a performance overhead.
To eliminate this warning, add "type": "module" to /Users/alegut/MyApps/Personal/mitos_colombia/package.json.
(Use `node --trace-warnings ...` to show where the warning was created)
