
▸ El Trueno  (#429 · el-trueno)

  ANTES — respaldo para revertir:
    image_url        = https://c5htob7za0dl3b5x.public.blob.vercel-storage.com/mitos/el-trueno-1789264356428-lhGOpy4f0APzhb2TdY0mjFUaMYWeQ9.jpg
    vertical_images  = https://c5htob7za0dl3b5x.public.blob.vercel-storage.com/vertical/myth/el-trueno-1789264357582-S6ibrB4sRfTPPVCXyQZHod0MeaKQbh.jpg
    square_image_url = https://c5htob7za0dl3b5x.public.blob.vercel-storage.com/square/myth/el-trueno-1789264357878-vvJNZMyeWI8n9LROimK11SqD8pYsN8.jpg

  ESCENAS a publicar:
    entrada  1536×1024 → 1536×1024  entrada-horizontal.jpeg
    acto     1024×1536 → 1024×1536  acto-vertical.jpeg
    huella   1254×1254 → 1254×1254  huella-cuadrada.jpeg
    ✓ entrada 1536×1024 · 680 KB → https://c5htob7za0dl3b5x.public.blob.vercel-storage.com/mitos/el-trueno-1789325501693-5YYPbeBHPYQoWlukVC5hhDt9d0zbWs.jpg
    ✓ acto 1024×1536 · 621 KB → https://c5htob7za0dl3b5x.public.blob.vercel-storage.com/vertical/myth/el-trueno-1789325502631-sb4s9e1mNjmV27bUki1RHWaRotyf73.jpg
    ✓ huella 1254×1254 · 575 KB → https://c5htob7za0dl3b5x.public.blob.vercel-storage.com/square/myth/el-trueno-1789325503256-6PJZ5cz5E68QgNOuiN41lONMs5MNIL.jpg

  DESPUÉS (fila vertical creada):
    image_url        = https://c5htob7za0dl3b5x.public.blob.vercel-storage.com/mitos/el-trueno-1789325501693-5YYPbeBHPYQoWlukVC5hhDt9d0zbWs.jpg
    vertical_images  = https://c5htob7za0dl3b5x.public.blob.vercel-storage.com/vertical/myth/el-trueno-1789325502631-sb4s9e1mNjmV27bUki1RHWaRotyf73.jpg
    square_image_url = https://c5htob7za0dl3b5x.public.blob.vercel-storage.com/square/myth/el-trueno-1789325503256-6PJZ5cz5E68QgNOuiN41lONMs5MNIL.jpg

  ✓ Caché purgada: /mitos/el-trueno, /mitos
  ✓ Recibo aditivo: /Users/alegut/MyApps/Personal/mitos_colombia/content/videos/nasa-paeces/tripticos/maqueta-3d-20260913/publication-receipts/nasa-maqueta-3d-20260913/el-trueno.json


(node:50305) [MODULE_TYPELESS_PACKAGE_JSON] Warning: Module type of file:///Users/alegut/MyApps/Personal/mitos_colombia/src/lib/image-generation.js is not specified and it doesn't parse as CommonJS.
Reparsing as ES module because module syntax was detected. This incurs a performance overhead.
To eliminate this warning, add "type": "module" to /Users/alegut/MyApps/Personal/mitos_colombia/package.json.
(Use `node --trace-warnings ...` to show where the warning was created)
