
▸ Formación del río Páez  (#435 · formacion-del-rio-paez)

  ANTES — respaldo para revertir:
    image_url        = https://c5htob7za0dl3b5x.public.blob.vercel-storage.com/mitos/formacion-del-rio-paez-1789264736973-oqbGX5IXXLBmnw1PzSm7EyOg14r5Ib.jpg
    vertical_images  = https://c5htob7za0dl3b5x.public.blob.vercel-storage.com/vertical/myth/formacion-del-rio-paez-1789264737999-vud1cJfcE0GNK4lux7tWhXepx7OoCm.jpg
    square_image_url = https://c5htob7za0dl3b5x.public.blob.vercel-storage.com/square/myth/formacion-del-rio-paez-1789264738334-LSXkKxtdorGcA6qdCDa5EVYSguG5GT.jpg

  ESCENAS a publicar:
    entrada  1536×1024 → 1536×1024  entrada-horizontal.jpeg
    acto     1024×1536 → 1024×1536  acto-vertical.jpeg
    huella   1254×1254 → 1254×1254  huella-cuadrada.jpeg
    ✓ entrada 1536×1024 · 684 KB → https://c5htob7za0dl3b5x.public.blob.vercel-storage.com/mitos/formacion-del-rio-paez-1789326290356-4ooddFDpmlPlTBwyGL0NMHOMQeaGEi.jpg
    ✓ acto 1024×1536 · 714 KB → https://c5htob7za0dl3b5x.public.blob.vercel-storage.com/vertical/myth/formacion-del-rio-paez-1789326291896-efAYLx7ooixaD7hjcwFI5WgJdPEV52.jpg
    ✓ huella 1254×1254 · 748 KB → https://c5htob7za0dl3b5x.public.blob.vercel-storage.com/square/myth/formacion-del-rio-paez-1789326292476-gfIJnR4qZrWvfJOQIJANrXsNUdokUX.jpg

  DESPUÉS (fila vertical creada):
    image_url        = https://c5htob7za0dl3b5x.public.blob.vercel-storage.com/mitos/formacion-del-rio-paez-1789326290356-4ooddFDpmlPlTBwyGL0NMHOMQeaGEi.jpg
    vertical_images  = https://c5htob7za0dl3b5x.public.blob.vercel-storage.com/vertical/myth/formacion-del-rio-paez-1789326291896-efAYLx7ooixaD7hjcwFI5WgJdPEV52.jpg
    square_image_url = https://c5htob7za0dl3b5x.public.blob.vercel-storage.com/square/myth/formacion-del-rio-paez-1789326292476-gfIJnR4qZrWvfJOQIJANrXsNUdokUX.jpg

  ✓ Caché purgada: /mitos/formacion-del-rio-paez, /mitos
  ✓ Recibo aditivo: /Users/alegut/MyApps/Personal/mitos_colombia/content/videos/nasa-paeces/tripticos/maqueta-3d-20260913/publication-receipts/nasa-maqueta-3d-20260913/formacion-del-rio-paez.json


(node:51964) [MODULE_TYPELESS_PACKAGE_JSON] Warning: Module type of file:///Users/alegut/MyApps/Personal/mitos_colombia/src/lib/image-generation.js is not specified and it doesn't parse as CommonJS.
Reparsing as ES module because module syntax was detected. This incurs a performance overhead.
To eliminate this warning, add "type": "module" to /Users/alegut/MyApps/Personal/mitos_colombia/package.json.
(Use `node --trace-warnings ...` to show where the warning was created)
