
▸ Juan Tama de la Estrella  (#553 · juan-tama)

  ANTES — respaldo para revertir:
    image_url        = https://c5htob7za0dl3b5x.public.blob.vercel-storage.com/mitos/juan-tama-1789266253530-3g6sw4l1RXurbDL2uq0JMT4x6hwgnr.jpg
    vertical_images  = https://c5htob7za0dl3b5x.public.blob.vercel-storage.com/vertical/myth/juan-tama-1789266254409-FFcHOKcwiKs81XVDc6Elx4tq6diaD7.jpg
    square_image_url = https://c5htob7za0dl3b5x.public.blob.vercel-storage.com/square/myth/juan-tama-1789266255160-RoMHLf4qajNOZoloRl6WEI180usqp4.jpg

  ESCENAS a publicar:
    entrada  1536×1024 → 1536×1024  entrada-horizontal.jpeg
    acto     1024×1536 → 1024×1536  acto-vertical.jpeg
    huella   1254×1254 → 1254×1254  huella-cuadrada.jpeg
    ✓ entrada 1536×1024 · 670 KB → https://c5htob7za0dl3b5x.public.blob.vercel-storage.com/mitos/juan-tama-1789328958693-TxVOzmpFJ4yuxcCdGRLzrzM80mXlbk.jpg
    ✓ acto 1024×1536 · 677 KB → https://c5htob7za0dl3b5x.public.blob.vercel-storage.com/vertical/myth/juan-tama-1789328959317-SnwOJCOZAa4myKarVBjHtp2ZP2OArc.jpg
    ✓ huella 1254×1254 · 742 KB → https://c5htob7za0dl3b5x.public.blob.vercel-storage.com/square/myth/juan-tama-1789328959560-Z4Au4LXK67IcpDjgMKyrVBrZt1nbu2.jpg

  DESPUÉS (fila vertical creada):
    image_url        = https://c5htob7za0dl3b5x.public.blob.vercel-storage.com/mitos/juan-tama-1789328958693-TxVOzmpFJ4yuxcCdGRLzrzM80mXlbk.jpg
    vertical_images  = https://c5htob7za0dl3b5x.public.blob.vercel-storage.com/vertical/myth/juan-tama-1789328959317-SnwOJCOZAa4myKarVBjHtp2ZP2OArc.jpg
    square_image_url = https://c5htob7za0dl3b5x.public.blob.vercel-storage.com/square/myth/juan-tama-1789328959560-Z4Au4LXK67IcpDjgMKyrVBrZt1nbu2.jpg

  ✓ Caché purgada: /mitos/juan-tama, /mitos
  ✓ Recibo aditivo: /Users/alegut/MyApps/Personal/mitos_colombia/content/videos/nasa-paeces/tripticos/maqueta-3d-20260913/publication-receipts/nasa-maqueta-3d-20260913/juan-tama.json


(node:56340) [MODULE_TYPELESS_PACKAGE_JSON] Warning: Module type of file:///Users/alegut/MyApps/Personal/mitos_colombia/src/lib/image-generation.js is not specified and it doesn't parse as CommonJS.
Reparsing as ES module because module syntax was detected. This incurs a performance overhead.
To eliminate this warning, add "type": "module" to /Users/alegut/MyApps/Personal/mitos_colombia/package.json.
(Use `node --trace-warnings ...` to show where the warning was created)
