
▸ Juan Chiracol  (#432 · juan-chiracol)

  ANTES — respaldo para revertir:
    image_url        = https://c5htob7za0dl3b5x.public.blob.vercel-storage.com/mitos/juan-chiracol-1789264462507-TOnv1knMO0pKKdKkNUieXxmPN23QHx.jpg
    vertical_images  = https://c5htob7za0dl3b5x.public.blob.vercel-storage.com/vertical/myth/juan-chiracol-1789264463086-tes9qoIwxdvQSHH44mVNUYxJ3da5MJ.jpg
    square_image_url = https://c5htob7za0dl3b5x.public.blob.vercel-storage.com/square/myth/juan-chiracol-1789264463299-gy9EWnrTdKaNyiubybfOgf0ffXUgd5.jpg

  ESCENAS a publicar:
    entrada  1536×1024 → 1536×1024  entrada-horizontal.jpeg
    acto     1024×1536 → 1024×1536  acto-vertical.jpeg
    huella   1254×1254 → 1254×1254  huella-cuadrada.jpeg
    ✓ entrada 1536×1024 · 664 KB → https://c5htob7za0dl3b5x.public.blob.vercel-storage.com/mitos/juan-chiracol-1789325837476-cmmSG4EKdYQLbsdDKnhLazLKJmOfEC.jpg
    ✓ acto 1024×1536 · 724 KB → https://c5htob7za0dl3b5x.public.blob.vercel-storage.com/vertical/myth/juan-chiracol-1789325838208-Z8epeYVB2XgKdTIxkmg0TtlO09VjfF.jpg
    ✓ huella 1254×1254 · 657 KB → https://c5htob7za0dl3b5x.public.blob.vercel-storage.com/square/myth/juan-chiracol-1789325838551-B0ZksM1xA2DeXHobgoxyAD10cVtOsy.jpg

  DESPUÉS (fila vertical creada):
    image_url        = https://c5htob7za0dl3b5x.public.blob.vercel-storage.com/mitos/juan-chiracol-1789325837476-cmmSG4EKdYQLbsdDKnhLazLKJmOfEC.jpg
    vertical_images  = https://c5htob7za0dl3b5x.public.blob.vercel-storage.com/vertical/myth/juan-chiracol-1789325838208-Z8epeYVB2XgKdTIxkmg0TtlO09VjfF.jpg
    square_image_url = https://c5htob7za0dl3b5x.public.blob.vercel-storage.com/square/myth/juan-chiracol-1789325838551-B0ZksM1xA2DeXHobgoxyAD10cVtOsy.jpg

  ✓ Caché purgada: /mitos/juan-chiracol, /mitos
  ✓ Recibo aditivo: /Users/alegut/MyApps/Personal/mitos_colombia/content/videos/nasa-paeces/tripticos/maqueta-3d-20260913/publication-receipts/nasa-maqueta-3d-20260913/juan-chiracol.json


(node:50901) [MODULE_TYPELESS_PACKAGE_JSON] Warning: Module type of file:///Users/alegut/MyApps/Personal/mitos_colombia/src/lib/image-generation.js is not specified and it doesn't parse as CommonJS.
Reparsing as ES module because module syntax was detected. This incurs a performance overhead.
To eliminate this warning, add "type": "module" to /Users/alegut/MyApps/Personal/mitos_colombia/package.json.
(Use `node --trace-warnings ...` to show where the warning was created)
