
▸ La cabeza  (#450 · la-cabeza)

  ANTES — respaldo para revertir:
    image_url        = https://c5htob7za0dl3b5x.public.blob.vercel-storage.com/mitos/la-cabeza-1789266256338-IDm5cRxQwkwrncazrgZ9pJYLveYsj9.jpg
    vertical_images  = https://c5htob7za0dl3b5x.public.blob.vercel-storage.com/vertical/myth/la-cabeza-1789266257067-Ym2kGyUUkwofrZTsaPE9P4S2ivE8Ta.jpg
    square_image_url = https://c5htob7za0dl3b5x.public.blob.vercel-storage.com/square/myth/la-cabeza-1789266257447-KYRy6VkAEF83ie5s1LfmfJo2ySVIqF.jpg

  ESCENAS a publicar:
    entrada  1536×1024 → 1536×1024  entrada-horizontal.jpeg
    acto     1024×1536 → 1024×1536  acto-vertical.jpeg
    huella   1254×1254 → 1254×1254  huella-cuadrada.jpeg
    ✓ entrada 1536×1024 · 661 KB → https://c5htob7za0dl3b5x.public.blob.vercel-storage.com/mitos/la-cabeza-1789328508333-lAxNeoMMFoYZoPfLAgL6y2Ysap2Tmy.jpg
    ✓ acto 1024×1536 · 751 KB → https://c5htob7za0dl3b5x.public.blob.vercel-storage.com/vertical/myth/la-cabeza-1789328509008-JAqaZYzeajgeJRlIUfHrJjW2MhBLqr.jpg
    ✓ huella 1254×1254 · 659 KB → https://c5htob7za0dl3b5x.public.blob.vercel-storage.com/square/myth/la-cabeza-1789328509376-xx7ELYmXgcbKXbPvxMBUbMeNfgUSV1.jpg

  DESPUÉS (fila vertical creada):
    image_url        = https://c5htob7za0dl3b5x.public.blob.vercel-storage.com/mitos/la-cabeza-1789328508333-lAxNeoMMFoYZoPfLAgL6y2Ysap2Tmy.jpg
    vertical_images  = https://c5htob7za0dl3b5x.public.blob.vercel-storage.com/vertical/myth/la-cabeza-1789328509008-JAqaZYzeajgeJRlIUfHrJjW2MhBLqr.jpg
    square_image_url = https://c5htob7za0dl3b5x.public.blob.vercel-storage.com/square/myth/la-cabeza-1789328509376-xx7ELYmXgcbKXbPvxMBUbMeNfgUSV1.jpg

  ✓ Caché purgada: /mitos/la-cabeza, /mitos
  ✓ Recibo aditivo: /Users/alegut/MyApps/Personal/mitos_colombia/content/videos/nasa-paeces/tripticos/maqueta-3d-20260913/publication-receipts/nasa-maqueta-3d-20260913/la-cabeza.json


(node:54892) [MODULE_TYPELESS_PACKAGE_JSON] Warning: Module type of file:///Users/alegut/MyApps/Personal/mitos_colombia/src/lib/image-generation.js is not specified and it doesn't parse as CommonJS.
Reparsing as ES module because module syntax was detected. This incurs a performance overhead.
To eliminate this warning, add "type": "module" to /Users/alegut/MyApps/Personal/mitos_colombia/package.json.
(Use `node --trace-warnings ...` to show where the warning was created)
