
▸ La candela  (#444 · la-candela)

  ANTES — respaldo para revertir:
    image_url        = https://c5htob7za0dl3b5x.public.blob.vercel-storage.com/mitos/la-candela-1789265872118-akhwmcNceE51puiYMP7rYPG3xomtli.jpg
    vertical_images  = https://c5htob7za0dl3b5x.public.blob.vercel-storage.com/vertical/myth/la-candela-1789265872713-ZmlhSEXugKj2D9W35FrUL5WRYBIxkg.jpg
    square_image_url = https://c5htob7za0dl3b5x.public.blob.vercel-storage.com/square/myth/la-candela-1789265873000-a0NMayee9pSWn3aGO7vzIIf0tLrUam.jpg

  ESCENAS a publicar:
    entrada  1536×1024 → 1536×1024  entrada-horizontal.jpeg
    acto     1024×1536 → 1024×1536  acto-vertical.jpeg
    huella   1254×1254 → 1254×1254  huella-cuadrada.jpeg
    ✓ entrada 1536×1024 · 640 KB → https://c5htob7za0dl3b5x.public.blob.vercel-storage.com/mitos/la-candela-1789327588372-FWw8wnFQALldxobFHyeu4piqplVikj.jpg
    ✓ acto 1024×1536 · 676 KB → https://c5htob7za0dl3b5x.public.blob.vercel-storage.com/vertical/myth/la-candela-1789327589180-UhFZOxb0DQ6kwbFS0HRIpNCY1geLlJ.jpg
    ✓ huella 1254×1254 · 752 KB → https://c5htob7za0dl3b5x.public.blob.vercel-storage.com/square/myth/la-candela-1789327589492-YDGeHbMjBsSIXsTiFoRG1Vxgmu4ooP.jpg

  DESPUÉS (fila vertical creada):
    image_url        = https://c5htob7za0dl3b5x.public.blob.vercel-storage.com/mitos/la-candela-1789327588372-FWw8wnFQALldxobFHyeu4piqplVikj.jpg
    vertical_images  = https://c5htob7za0dl3b5x.public.blob.vercel-storage.com/vertical/myth/la-candela-1789327589180-UhFZOxb0DQ6kwbFS0HRIpNCY1geLlJ.jpg
    square_image_url = https://c5htob7za0dl3b5x.public.blob.vercel-storage.com/square/myth/la-candela-1789327589492-YDGeHbMjBsSIXsTiFoRG1Vxgmu4ooP.jpg

  ✓ Caché purgada: /mitos/la-candela, /mitos
  ✓ Recibo aditivo: /Users/alegut/MyApps/Personal/mitos_colombia/content/videos/nasa-paeces/tripticos/maqueta-3d-20260913/publication-receipts/nasa-maqueta-3d-20260913/la-candela.json


(node:53581) [MODULE_TYPELESS_PACKAGE_JSON] Warning: Module type of file:///Users/alegut/MyApps/Personal/mitos_colombia/src/lib/image-generation.js is not specified and it doesn't parse as CommonJS.
Reparsing as ES module because module syntax was detected. This incurs a performance overhead.
To eliminate this warning, add "type": "module" to /Users/alegut/MyApps/Personal/mitos_colombia/package.json.
(Use `node --trace-warnings ...` to show where the warning was created)
