
▸ La casa de fiesta petrificada  (#441 · la-casa-de-fiesta-petrificada)

  ANTES — respaldo para revertir:
    image_url        = https://c5htob7za0dl3b5x.public.blob.vercel-storage.com/mitos/la-casa-de-fiesta-petrificada-1789265879485-bBfwvfKXwSV14eMhD6LmV9dFbvOSKJ.jpg
    vertical_images  = https://c5htob7za0dl3b5x.public.blob.vercel-storage.com/vertical/myth/la-casa-de-fiesta-petrificada-1789265880204-vhOwZBlwgq3QmVmpwdjqYoTm9X4yhw.jpg
    square_image_url = https://c5htob7za0dl3b5x.public.blob.vercel-storage.com/square/myth/la-casa-de-fiesta-petrificada-1789265880471-nrHv0AbiQwDDwEQs6YoLmyZd5q1ZsL.jpg

  ESCENAS a publicar:
    entrada  1536×1024 → 1536×1024  entrada-horizontal.jpeg
    acto     1024×1536 → 1024×1536  acto-vertical.jpeg
    huella   1254×1254 → 1254×1254  huella-cuadrada.jpeg
    ✓ entrada 1536×1024 · 702 KB → https://c5htob7za0dl3b5x.public.blob.vercel-storage.com/mitos/la-casa-de-fiesta-petrificada-1789327170214-5pq3kTjcYEY0uA0DCAe3rcdmcR9mcD.jpg
    ✓ acto 1024×1536 · 615 KB → https://c5htob7za0dl3b5x.public.blob.vercel-storage.com/vertical/myth/la-casa-de-fiesta-petrificada-1789327171434-MCWfbthxgXwAUASXkOGNRdzqxRomE6.jpg
    ✓ huella 1254×1254 · 820 KB → https://c5htob7za0dl3b5x.public.blob.vercel-storage.com/square/myth/la-casa-de-fiesta-petrificada-1789327171865-IyakH0tUAhUGkkNMNQYuIjuT6sx3ep.jpg

  DESPUÉS (fila vertical creada):
    image_url        = https://c5htob7za0dl3b5x.public.blob.vercel-storage.com/mitos/la-casa-de-fiesta-petrificada-1789327170214-5pq3kTjcYEY0uA0DCAe3rcdmcR9mcD.jpg
    vertical_images  = https://c5htob7za0dl3b5x.public.blob.vercel-storage.com/vertical/myth/la-casa-de-fiesta-petrificada-1789327171434-MCWfbthxgXwAUASXkOGNRdzqxRomE6.jpg
    square_image_url = https://c5htob7za0dl3b5x.public.blob.vercel-storage.com/square/myth/la-casa-de-fiesta-petrificada-1789327171865-IyakH0tUAhUGkkNMNQYuIjuT6sx3ep.jpg

  ✓ Caché purgada: /mitos/la-casa-de-fiesta-petrificada, /mitos
  ✓ Recibo aditivo: /Users/alegut/MyApps/Personal/mitos_colombia/content/videos/nasa-paeces/tripticos/maqueta-3d-20260913/publication-receipts/nasa-maqueta-3d-20260913/la-casa-de-fiesta-petrificada.json


(node:53034) [MODULE_TYPELESS_PACKAGE_JSON] Warning: Module type of file:///Users/alegut/MyApps/Personal/mitos_colombia/src/lib/image-generation.js is not specified and it doesn't parse as CommonJS.
Reparsing as ES module because module syntax was detected. This incurs a performance overhead.
To eliminate this warning, add "type": "module" to /Users/alegut/MyApps/Personal/mitos_colombia/package.json.
(Use `node --trace-warnings ...` to show where the warning was created)
