
▸ La madre de la sal  (#443 · la-madre-de-la-sal)

  ANTES — respaldo para revertir:
    image_url        = https://c5htob7za0dl3b5x.public.blob.vercel-storage.com/mitos/la-madre-de-la-sal-1789265869337-HvqhhiqSGn4S5MIgpk5ZaXDQYuvTD2.jpg
    vertical_images  = https://c5htob7za0dl3b5x.public.blob.vercel-storage.com/vertical/myth/la-madre-de-la-sal-1789265869994-3u30GjyqKmAOgxtB8e8vXnwsDxp17K.jpg
    square_image_url = https://c5htob7za0dl3b5x.public.blob.vercel-storage.com/square/myth/la-madre-de-la-sal-1789265870199-4pZs5clktrVQYP1wStqNZ6ko7cBoNY.jpg

  ESCENAS a publicar:
    entrada  1536×1024 → 1536×1024  entrada-horizontal.jpeg
    acto     1024×1536 → 1024×1536  acto-vertical.jpeg
    huella   1254×1254 → 1254×1254  huella-cuadrada.jpeg
    ✓ entrada 1536×1024 · 472 KB → https://c5htob7za0dl3b5x.public.blob.vercel-storage.com/mitos/la-madre-de-la-sal-1789327196774-6X4Wdn3uVgajP4jxPNF2jOM8VCVrDU.jpg
    ✓ acto 1024×1536 · 534 KB → https://c5htob7za0dl3b5x.public.blob.vercel-storage.com/vertical/myth/la-madre-de-la-sal-1789327197439-TfH0g1AFPgDPEva5EroklSLYN3GWtT.jpg
    ✓ huella 1254×1254 · 596 KB → https://c5htob7za0dl3b5x.public.blob.vercel-storage.com/square/myth/la-madre-de-la-sal-1789327197636-gwfey5OA0X6Frasj0c2bFRIxbXbf9L.jpg

  DESPUÉS (fila vertical creada):
    image_url        = https://c5htob7za0dl3b5x.public.blob.vercel-storage.com/mitos/la-madre-de-la-sal-1789327196774-6X4Wdn3uVgajP4jxPNF2jOM8VCVrDU.jpg
    vertical_images  = https://c5htob7za0dl3b5x.public.blob.vercel-storage.com/vertical/myth/la-madre-de-la-sal-1789327197439-TfH0g1AFPgDPEva5EroklSLYN3GWtT.jpg
    square_image_url = https://c5htob7za0dl3b5x.public.blob.vercel-storage.com/square/myth/la-madre-de-la-sal-1789327197636-gwfey5OA0X6Frasj0c2bFRIxbXbf9L.jpg

  ✓ Caché purgada: /mitos/la-madre-de-la-sal, /mitos
  ✓ Recibo aditivo: /Users/alegut/MyApps/Personal/mitos_colombia/content/videos/nasa-paeces/tripticos/maqueta-3d-20260913/publication-receipts/nasa-maqueta-3d-20260913/la-madre-de-la-sal.json


(node:53088) [MODULE_TYPELESS_PACKAGE_JSON] Warning: Module type of file:///Users/alegut/MyApps/Personal/mitos_colombia/src/lib/image-generation.js is not specified and it doesn't parse as CommonJS.
Reparsing as ES module because module syntax was detected. This incurs a performance overhead.
To eliminate this warning, add "type": "module" to /Users/alegut/MyApps/Personal/mitos_colombia/package.json.
(Use `node --trace-warnings ...` to show where the warning was created)
