
▸ La niña que se volvió serpiente  (#434 · la-nina-que-se-volvio-serpiente)

  ANTES — respaldo para revertir:
    image_url        = https://c5htob7za0dl3b5x.public.blob.vercel-storage.com/mitos/la-nina-que-se-volvio-serpiente-1789264461012-OOi2URxGR9tc8iJrB28v53pJnVvYp4.jpg
    vertical_images  = https://c5htob7za0dl3b5x.public.blob.vercel-storage.com/vertical/myth/la-nina-que-se-volvio-serpiente-1789264461745-rJkAaK1HCOszVwRTNcKsx58L0fJiwc.jpg
    square_image_url = https://c5htob7za0dl3b5x.public.blob.vercel-storage.com/square/myth/la-nina-que-se-volvio-serpiente-1789264461956-Vl60Xl68C71Z70ULUjcszH35DyIw5r.jpg

  ESCENAS a publicar:
    entrada  1536×1024 → 1536×1024  entrada-horizontal.jpeg
    acto     1024×1536 → 1024×1536  acto-vertical.jpeg
    huella   1254×1254 → 1254×1254  huella-cuadrada.jpeg
    ✓ entrada 1536×1024 · 729 KB → https://c5htob7za0dl3b5x.public.blob.vercel-storage.com/mitos/la-nina-que-se-volvio-serpiente-1789325864648-6s5CAbdw6tMQkKeJm88kqCEpYlE8iZ.jpg
    ✓ acto 1024×1536 · 691 KB → https://c5htob7za0dl3b5x.public.blob.vercel-storage.com/vertical/myth/la-nina-que-se-volvio-serpiente-1789325865296-yZbeWmJLcsgFEP2KzcKConGwF4K2WC.jpg
    ✓ huella 1254×1254 · 766 KB → https://c5htob7za0dl3b5x.public.blob.vercel-storage.com/square/myth/la-nina-que-se-volvio-serpiente-1789325865538-6a0petInknbcV5Koe0uBE2xovXaLyV.jpg

  DESPUÉS (fila vertical creada):
    image_url        = https://c5htob7za0dl3b5x.public.blob.vercel-storage.com/mitos/la-nina-que-se-volvio-serpiente-1789325864648-6s5CAbdw6tMQkKeJm88kqCEpYlE8iZ.jpg
    vertical_images  = https://c5htob7za0dl3b5x.public.blob.vercel-storage.com/vertical/myth/la-nina-que-se-volvio-serpiente-1789325865296-yZbeWmJLcsgFEP2KzcKConGwF4K2WC.jpg
    square_image_url = https://c5htob7za0dl3b5x.public.blob.vercel-storage.com/square/myth/la-nina-que-se-volvio-serpiente-1789325865538-6a0petInknbcV5Koe0uBE2xovXaLyV.jpg

  ✓ Caché purgada: /mitos/la-nina-que-se-volvio-serpiente, /mitos
  ✓ Recibo aditivo: /Users/alegut/MyApps/Personal/mitos_colombia/content/videos/nasa-paeces/tripticos/maqueta-3d-20260913/publication-receipts/nasa-maqueta-3d-20260913/la-nina-que-se-volvio-serpiente.json


(node:50980) [MODULE_TYPELESS_PACKAGE_JSON] Warning: Module type of file:///Users/alegut/MyApps/Personal/mitos_colombia/src/lib/image-generation.js is not specified and it doesn't parse as CommonJS.
Reparsing as ES module because module syntax was detected. This incurs a performance overhead.
To eliminate this warning, add "type": "module" to /Users/alegut/MyApps/Personal/mitos_colombia/package.json.
(Use `node --trace-warnings ...` to show where the warning was created)
