
▸ La visita del joven desconocido  (#430 · la-visita-del-joven-desconocido)

  ANTES — respaldo para revertir:
    image_url        = https://c5htob7za0dl3b5x.public.blob.vercel-storage.com/mitos/la-visita-del-joven-desconocido-1789264358767-biP0fDdXftwmOTEnG21ylasREDbhJk.jpg
    vertical_images  = https://c5htob7za0dl3b5x.public.blob.vercel-storage.com/vertical/myth/la-visita-del-joven-desconocido-1789264359415-FgZ2cNZh0OcdKTXfRkHUL0323f81Ql.jpg
    square_image_url = https://c5htob7za0dl3b5x.public.blob.vercel-storage.com/square/myth/la-visita-del-joven-desconocido-1789264359645-3tNtKkPNmQPLQoQzEz028GJdc2Zq47.jpg

  ESCENAS a publicar:
    entrada  1536×1024 → 1536×1024  entrada-horizontal.jpeg
    acto     1024×1536 → 1024×1536  acto-vertical.jpeg
    huella   1254×1254 → 1254×1254  huella-cuadrada.jpeg
    ✓ entrada 1536×1024 · 756 KB → https://c5htob7za0dl3b5x.public.blob.vercel-storage.com/mitos/la-visita-del-joven-desconocido-1789325515732-fBesbYs0SoWQBVQiMPm15ltPJPuVAE.jpg
    ✓ acto 1024×1536 · 723 KB → https://c5htob7za0dl3b5x.public.blob.vercel-storage.com/vertical/myth/la-visita-del-joven-desconocido-1789325516514-SAuzIevbEap0oHLcywMxiBXKFOsHcz.jpg
    ✓ huella 1254×1254 · 530 KB → https://c5htob7za0dl3b5x.public.blob.vercel-storage.com/square/myth/la-visita-del-joven-desconocido-1789325516702-OfyScXeCqZjv4DaqrffypfggbrC76g.jpg

  DESPUÉS (fila vertical creada):
    image_url        = https://c5htob7za0dl3b5x.public.blob.vercel-storage.com/mitos/la-visita-del-joven-desconocido-1789325515732-fBesbYs0SoWQBVQiMPm15ltPJPuVAE.jpg
    vertical_images  = https://c5htob7za0dl3b5x.public.blob.vercel-storage.com/vertical/myth/la-visita-del-joven-desconocido-1789325516514-SAuzIevbEap0oHLcywMxiBXKFOsHcz.jpg
    square_image_url = https://c5htob7za0dl3b5x.public.blob.vercel-storage.com/square/myth/la-visita-del-joven-desconocido-1789325516702-OfyScXeCqZjv4DaqrffypfggbrC76g.jpg

  ✓ Caché purgada: /mitos/la-visita-del-joven-desconocido, /mitos
  ✓ Recibo aditivo: /Users/alegut/MyApps/Personal/mitos_colombia/content/videos/nasa-paeces/tripticos/maqueta-3d-20260913/publication-receipts/nasa-maqueta-3d-20260913/la-visita-del-joven-desconocido.json


(node:50343) [MODULE_TYPELESS_PACKAGE_JSON] Warning: Module type of file:///Users/alegut/MyApps/Personal/mitos_colombia/src/lib/image-generation.js is not specified and it doesn't parse as CommonJS.
Reparsing as ES module because module syntax was detected. This incurs a performance overhead.
To eliminate this warning, add "type": "module" to /Users/alegut/MyApps/Personal/mitos_colombia/package.json.
(Use `node --trace-warnings ...` to show where the warning was created)
