
▸ Las piedras de Chaikin  (#442 · las-piedra-de-chaikin)

  ANTES — respaldo para revertir:
    image_url        = https://c5htob7za0dl3b5x.public.blob.vercel-storage.com/mitos/las-piedra-de-chaikin-1789265872301-wEs4y7OUD6nBF57CnsuXoWMlwVGNsv.jpg
    vertical_images  = https://c5htob7za0dl3b5x.public.blob.vercel-storage.com/vertical/myth/las-piedra-de-chaikin-1789265873005-ZMawYP9Z5EtAZh75Dl7tMo6oQRkMFQ.jpg
    square_image_url = https://c5htob7za0dl3b5x.public.blob.vercel-storage.com/square/myth/las-piedra-de-chaikin-1789265873252-qd6CdUOTe8lqU6Bzh7zj7EPj0TmTPB.jpg

  ESCENAS a publicar:
    entrada  1536×1024 → 1536×1024  entrada-horizontal.jpeg
    acto     1024×1536 → 1024×1536  acto-vertical.jpeg
    huella   1254×1254 → 1254×1254  huella-cuadrada.jpeg
    ✓ entrada 1536×1024 · 727 KB → https://c5htob7za0dl3b5x.public.blob.vercel-storage.com/mitos/las-piedra-de-chaikin-1789327183934-uweO4FU1DRXXtVPQZZv9a404HaN4uD.jpg
    ✓ acto 1024×1536 · 703 KB → https://c5htob7za0dl3b5x.public.blob.vercel-storage.com/vertical/myth/las-piedra-de-chaikin-1789327184613-STRG881cGr8Z1Oi87gTNvgxPOVl01o.jpg
    ✓ huella 1254×1254 · 634 KB → https://c5htob7za0dl3b5x.public.blob.vercel-storage.com/square/myth/las-piedra-de-chaikin-1789327184820-iPwWE7GWm0yvG3Xq0uDdBlPC1FxY4q.jpg

  DESPUÉS (fila vertical creada):
    image_url        = https://c5htob7za0dl3b5x.public.blob.vercel-storage.com/mitos/las-piedra-de-chaikin-1789327183934-uweO4FU1DRXXtVPQZZv9a404HaN4uD.jpg
    vertical_images  = https://c5htob7za0dl3b5x.public.blob.vercel-storage.com/vertical/myth/las-piedra-de-chaikin-1789327184613-STRG881cGr8Z1Oi87gTNvgxPOVl01o.jpg
    square_image_url = https://c5htob7za0dl3b5x.public.blob.vercel-storage.com/square/myth/las-piedra-de-chaikin-1789327184820-iPwWE7GWm0yvG3Xq0uDdBlPC1FxY4q.jpg

  ✓ Caché purgada: /mitos/las-piedra-de-chaikin, /mitos
  ✓ Recibo aditivo: /Users/alegut/MyApps/Personal/mitos_colombia/content/videos/nasa-paeces/tripticos/maqueta-3d-20260913/publication-receipts/nasa-maqueta-3d-20260913/las-piedra-de-chaikin.json


(node:53065) [MODULE_TYPELESS_PACKAGE_JSON] Warning: Module type of file:///Users/alegut/MyApps/Personal/mitos_colombia/src/lib/image-generation.js is not specified and it doesn't parse as CommonJS.
Reparsing as ES module because module syntax was detected. This incurs a performance overhead.
To eliminate this warning, add "type": "module" to /Users/alegut/MyApps/Personal/mitos_colombia/package.json.
(Use `node --trace-warnings ...` to show where the warning was created)
