
▸ Llíban y Juan Chiracol  (#433 · lliban-y-juan-chiracol)

  ANTES — respaldo para revertir:
    image_url        = https://c5htob7za0dl3b5x.public.blob.vercel-storage.com/mitos/lliban-y-juan-chiracol-1789264463550-8bSQ8O6G615HutrXP3AOOyzfNDTalR.jpg
    vertical_images  = https://c5htob7za0dl3b5x.public.blob.vercel-storage.com/vertical/myth/lliban-y-juan-chiracol-1789264464521-2aVH50cRjWicpzm7LMk3SyewVI0UpP.jpg
    square_image_url = https://c5htob7za0dl3b5x.public.blob.vercel-storage.com/square/myth/lliban-y-juan-chiracol-1789264464774-UhcrkkxnFdy2gcqhXBYs2x5D0Rvvyr.jpg

  ESCENAS a publicar:
    entrada  1536×1024 → 1536×1024  entrada-horizontal.jpeg
    acto     1024×1536 → 1024×1536  acto-vertical.jpeg
    huella   1254×1254 → 1254×1254  huella-cuadrada.jpeg
    ✓ entrada 1536×1024 · 669 KB → https://c5htob7za0dl3b5x.public.blob.vercel-storage.com/mitos/lliban-y-juan-chiracol-1789325851542-6jrQXoMUP4KLjzdaqLCrXDvz6Ukx7e.jpg
    ✓ acto 1024×1536 · 756 KB → https://c5htob7za0dl3b5x.public.blob.vercel-storage.com/vertical/myth/lliban-y-juan-chiracol-1789325852335-ptGImq6QA4IH85xO3wMFn8GE25Cz0n.jpg
    ✓ huella 1254×1254 · 796 KB → https://c5htob7za0dl3b5x.public.blob.vercel-storage.com/square/myth/lliban-y-juan-chiracol-1789325852551-TJFwbuZVD7dtD4PbarRMmugxaHcKfX.jpg

  DESPUÉS (fila vertical creada):
    image_url        = https://c5htob7za0dl3b5x.public.blob.vercel-storage.com/mitos/lliban-y-juan-chiracol-1789325851542-6jrQXoMUP4KLjzdaqLCrXDvz6Ukx7e.jpg
    vertical_images  = https://c5htob7za0dl3b5x.public.blob.vercel-storage.com/vertical/myth/lliban-y-juan-chiracol-1789325852335-ptGImq6QA4IH85xO3wMFn8GE25Cz0n.jpg
    square_image_url = https://c5htob7za0dl3b5x.public.blob.vercel-storage.com/square/myth/lliban-y-juan-chiracol-1789325852551-TJFwbuZVD7dtD4PbarRMmugxaHcKfX.jpg

  ✓ Caché purgada: /mitos/lliban-y-juan-chiracol, /mitos
  ✓ Recibo aditivo: /Users/alegut/MyApps/Personal/mitos_colombia/content/videos/nasa-paeces/tripticos/maqueta-3d-20260913/publication-receipts/nasa-maqueta-3d-20260913/lliban-y-juan-chiracol.json


(node:50937) [MODULE_TYPELESS_PACKAGE_JSON] Warning: Module type of file:///Users/alegut/MyApps/Personal/mitos_colombia/src/lib/image-generation.js is not specified and it doesn't parse as CommonJS.
Reparsing as ES module because module syntax was detected. This incurs a performance overhead.
To eliminate this warning, add "type": "module" to /Users/alegut/MyApps/Personal/mitos_colombia/package.json.
(Use `node --trace-warnings ...` to show where the warning was created)
