
▸ Llíban, el hijo del Trueno  (#431 · lliban-el-hijo-del-trueno)

  ANTES — respaldo para revertir:
    image_url        = https://c5htob7za0dl3b5x.public.blob.vercel-storage.com/mitos/lliban-el-hijo-del-trueno-1789264358237-vyOiA0Kxu25PtqqjkS6fgjzTVl38gU.jpg
    vertical_images  = https://c5htob7za0dl3b5x.public.blob.vercel-storage.com/vertical/myth/lliban-el-hijo-del-trueno-1789264358905-0dUw6Fw5gctfWk8sDWfQjKzahqJTUg.jpg
    square_image_url = https://c5htob7za0dl3b5x.public.blob.vercel-storage.com/square/myth/lliban-el-hijo-del-trueno-1789264359122-h06qh05SStOaD1GrTnFqVLGRo4WYW6.jpg

  ESCENAS a publicar:
    entrada  1536×1024 → 1536×1024  entrada-horizontal.jpeg
    acto     1024×1536 → 1024×1536  acto-vertical.jpeg
    huella   1254×1254 → 1254×1254  huella-cuadrada.jpeg
    ✓ entrada 1536×1024 · 660 KB → https://c5htob7za0dl3b5x.public.blob.vercel-storage.com/mitos/lliban-el-hijo-del-trueno-1789325528774-uCuFT8hd2MCDxMr5KSFrHtj1lCvbyY.jpg
    ✓ acto 1024×1536 · 674 KB → https://c5htob7za0dl3b5x.public.blob.vercel-storage.com/vertical/myth/lliban-el-hijo-del-trueno-1789325529475-s3XLRr6ygRTfXD116TUntB4is3Mixj.jpg
    ✓ huella 1254×1254 · 603 KB → https://c5htob7za0dl3b5x.public.blob.vercel-storage.com/square/myth/lliban-el-hijo-del-trueno-1789325529702-Okw2ocItHEl8W2QWsjiFSkWP9zP4sN.jpg

  DESPUÉS (fila vertical creada):
    image_url        = https://c5htob7za0dl3b5x.public.blob.vercel-storage.com/mitos/lliban-el-hijo-del-trueno-1789325528774-uCuFT8hd2MCDxMr5KSFrHtj1lCvbyY.jpg
    vertical_images  = https://c5htob7za0dl3b5x.public.blob.vercel-storage.com/vertical/myth/lliban-el-hijo-del-trueno-1789325529475-s3XLRr6ygRTfXD116TUntB4is3Mixj.jpg
    square_image_url = https://c5htob7za0dl3b5x.public.blob.vercel-storage.com/square/myth/lliban-el-hijo-del-trueno-1789325529702-Okw2ocItHEl8W2QWsjiFSkWP9zP4sN.jpg

  ✓ Caché purgada: /mitos/lliban-el-hijo-del-trueno, /mitos
  ✓ Recibo aditivo: /Users/alegut/MyApps/Personal/mitos_colombia/content/videos/nasa-paeces/tripticos/maqueta-3d-20260913/publication-receipts/nasa-maqueta-3d-20260913/lliban-el-hijo-del-trueno.json


(node:50358) [MODULE_TYPELESS_PACKAGE_JSON] Warning: Module type of file:///Users/alegut/MyApps/Personal/mitos_colombia/src/lib/image-generation.js is not specified and it doesn't parse as CommonJS.
Reparsing as ES module because module syntax was detected. This incurs a performance overhead.
To eliminate this warning, add "type": "module" to /Users/alegut/MyApps/Personal/mitos_colombia/package.json.
(Use `node --trace-warnings ...` to show where the warning was created)
