
▸ Los animales  (#451 · los-animales)

  ANTES — respaldo para revertir:
    image_url        = https://c5htob7za0dl3b5x.public.blob.vercel-storage.com/mitos/los-animales-1789266256419-OJ1FCqKesey8QPe9PQgEwkGmaiBTdJ.jpg
    vertical_images  = https://c5htob7za0dl3b5x.public.blob.vercel-storage.com/vertical/myth/los-animales-1789266257122-d6BgBmkTI6tRkL3g5RQXbAAW8bQD52.jpg
    square_image_url = https://c5htob7za0dl3b5x.public.blob.vercel-storage.com/square/myth/los-animales-1789266257547-IsDfRK8sXeaswkiNBwKaBPO6grojNW.jpg

  ESCENAS a publicar:
    entrada  1536×1024 → 1536×1024  entrada-horizontal.jpeg
    acto     1024×1536 → 1024×1536  acto-vertical.jpeg
    huella   1254×1254 → 1254×1254  huella-cuadrada.jpeg
    ✓ entrada 1536×1024 · 588 KB → https://c5htob7za0dl3b5x.public.blob.vercel-storage.com/mitos/los-animales-1789328521979-NyUCHVPJrpyo2Scjs6R5DFNrLzNFlo.jpg
    ✓ acto 1024×1536 · 670 KB → https://c5htob7za0dl3b5x.public.blob.vercel-storage.com/vertical/myth/los-animales-1789328522651-lJSLi8Rtkhdo1xYQLCpvNUaGwOWpEc.jpg
    ✓ huella 1254×1254 · 660 KB → https://c5htob7za0dl3b5x.public.blob.vercel-storage.com/square/myth/los-animales-1789328522852-VZwWB3MyDf5dVgHSIiK98nDJNYrBha.jpg

  DESPUÉS (fila vertical creada):
    image_url        = https://c5htob7za0dl3b5x.public.blob.vercel-storage.com/mitos/los-animales-1789328521979-NyUCHVPJrpyo2Scjs6R5DFNrLzNFlo.jpg
    vertical_images  = https://c5htob7za0dl3b5x.public.blob.vercel-storage.com/vertical/myth/los-animales-1789328522651-lJSLi8Rtkhdo1xYQLCpvNUaGwOWpEc.jpg
    square_image_url = https://c5htob7za0dl3b5x.public.blob.vercel-storage.com/square/myth/los-animales-1789328522852-VZwWB3MyDf5dVgHSIiK98nDJNYrBha.jpg

  ✓ Caché purgada: /mitos/los-animales, /mitos
  ✓ Recibo aditivo: /Users/alegut/MyApps/Personal/mitos_colombia/content/videos/nasa-paeces/tripticos/maqueta-3d-20260913/publication-receipts/nasa-maqueta-3d-20260913/los-animales.json


(node:55106) [MODULE_TYPELESS_PACKAGE_JSON] Warning: Module type of file:///Users/alegut/MyApps/Personal/mitos_colombia/src/lib/image-generation.js is not specified and it doesn't parse as CommonJS.
Reparsing as ES module because module syntax was detected. This incurs a performance overhead.
To eliminate this warning, add "type": "module" to /Users/alegut/MyApps/Personal/mitos_colombia/package.json.
(Use `node --trace-warnings ...` to show where the warning was created)
