
▸ Origen de las plantas  (#453 · origen-de-las-plantas)

  ANTES — respaldo para revertir:
    image_url        = https://c5htob7za0dl3b5x.public.blob.vercel-storage.com/mitos/origen-de-las-plantas-1789266256583-zqbZmQGh5ATt8HwUU2nDEo2jOqZvbN.jpg
    vertical_images  = https://c5htob7za0dl3b5x.public.blob.vercel-storage.com/vertical/myth/origen-de-las-plantas-1789266257299-l9B0OxUXCXvUrOxjiO4jZYAQn6jE52.jpg
    square_image_url = https://c5htob7za0dl3b5x.public.blob.vercel-storage.com/square/myth/origen-de-las-plantas-1789266257497-gNlB0dyO6bSZRYCfEII3gultwGxGcK.jpg

  ESCENAS a publicar:
    entrada  1536×1024 → 1536×1024  entrada-horizontal.jpeg
    acto     1024×1536 → 1024×1536  acto-vertical.jpeg
    huella   1254×1254 → 1254×1254  huella-cuadrada.jpeg
    ✓ entrada 1536×1024 · 711 KB → https://c5htob7za0dl3b5x.public.blob.vercel-storage.com/mitos/origen-de-las-plantas-1789328945692-dLocL1NDIwlHiRyoWw3LnEWCREumsB.jpg
    ✓ acto 1024×1536 · 651 KB → https://c5htob7za0dl3b5x.public.blob.vercel-storage.com/vertical/myth/origen-de-las-plantas-1789328946406-Zz4TmmEftk2FYLxi9gmlSE6WACFCzk.jpg
    ✓ huella 1254×1254 · 600 KB → https://c5htob7za0dl3b5x.public.blob.vercel-storage.com/square/myth/origen-de-las-plantas-1789328946620-xcZ06FP17tBBJeuLLfccEtBNqximgq.jpg

  DESPUÉS (fila vertical creada):
    image_url        = https://c5htob7za0dl3b5x.public.blob.vercel-storage.com/mitos/origen-de-las-plantas-1789328945692-dLocL1NDIwlHiRyoWw3LnEWCREumsB.jpg
    vertical_images  = https://c5htob7za0dl3b5x.public.blob.vercel-storage.com/vertical/myth/origen-de-las-plantas-1789328946406-Zz4TmmEftk2FYLxi9gmlSE6WACFCzk.jpg
    square_image_url = https://c5htob7za0dl3b5x.public.blob.vercel-storage.com/square/myth/origen-de-las-plantas-1789328946620-xcZ06FP17tBBJeuLLfccEtBNqximgq.jpg

  ✓ Caché purgada: /mitos/origen-de-las-plantas, /mitos
  ✓ Recibo aditivo: /Users/alegut/MyApps/Personal/mitos_colombia/content/videos/nasa-paeces/tripticos/maqueta-3d-20260913/publication-receipts/nasa-maqueta-3d-20260913/origen-de-las-plantas.json


(node:56282) [MODULE_TYPELESS_PACKAGE_JSON] Warning: Module type of file:///Users/alegut/MyApps/Personal/mitos_colombia/src/lib/image-generation.js is not specified and it doesn't parse as CommonJS.
Reparsing as ES module because module syntax was detected. This incurs a performance overhead.
To eliminate this warning, add "type": "module" to /Users/alegut/MyApps/Personal/mitos_colombia/package.json.
(Use `node --trace-warnings ...` to show where the warning was created)
