
▸ Pedro y Tomás Dimales  (#439 · pedro-y-tomas-dimales)

  ANTES — respaldo para revertir:
    image_url        = https://c5htob7za0dl3b5x.public.blob.vercel-storage.com/mitos/pedro-y-tomas-dimales-1789264737593-bXF28mWr176MCoN08aTel54q62MDDU.jpg
    vertical_images  = https://c5htob7za0dl3b5x.public.blob.vercel-storage.com/vertical/myth/pedro-y-tomas-dimales-1789264738318-5kefrmfxlZWFBkrCgDmOLV1zFFbJJM.jpg
    square_image_url = https://c5htob7za0dl3b5x.public.blob.vercel-storage.com/square/myth/pedro-y-tomas-dimales-1789264738544-vGm9tOApmx3ZP6PXzq7cqMJrxCzpq8.jpg

  ESCENAS a publicar:
    entrada  1536×1024 → 1536×1024  entrada-horizontal.jpeg
    acto     1024×1536 → 1024×1536  acto-vertical.jpeg
    huella   1254×1254 → 1254×1254  huella-cuadrada.jpeg
    ✓ entrada 1536×1024 · 709 KB → https://c5htob7za0dl3b5x.public.blob.vercel-storage.com/mitos/pedro-y-tomas-dimales-1789326780592-AmzQPTj3ORWuewZKyAf0vZUxy5k81T.jpg
    ✓ acto 1024×1536 · 649 KB → https://c5htob7za0dl3b5x.public.blob.vercel-storage.com/vertical/myth/pedro-y-tomas-dimales-1789326781282-ZRRl3Wm2ZbULuS5CKxUzJwgrVrrzed.jpg
    ✓ huella 1254×1254 · 632 KB → https://c5htob7za0dl3b5x.public.blob.vercel-storage.com/square/myth/pedro-y-tomas-dimales-1789326781688-4wPwVK1R6Xu7l6hb56UA97myZ2xo7B.jpg

  DESPUÉS (fila vertical creada):
    image_url        = https://c5htob7za0dl3b5x.public.blob.vercel-storage.com/mitos/pedro-y-tomas-dimales-1789326780592-AmzQPTj3ORWuewZKyAf0vZUxy5k81T.jpg
    vertical_images  = https://c5htob7za0dl3b5x.public.blob.vercel-storage.com/vertical/myth/pedro-y-tomas-dimales-1789326781282-ZRRl3Wm2ZbULuS5CKxUzJwgrVrrzed.jpg
    square_image_url = https://c5htob7za0dl3b5x.public.blob.vercel-storage.com/square/myth/pedro-y-tomas-dimales-1789326781688-4wPwVK1R6Xu7l6hb56UA97myZ2xo7B.jpg

  ✓ Caché purgada: /mitos/pedro-y-tomas-dimales, /mitos
  ✓ Recibo aditivo: /Users/alegut/MyApps/Personal/mitos_colombia/content/videos/nasa-paeces/tripticos/maqueta-3d-20260913/publication-receipts/nasa-maqueta-3d-20260913/pedro-y-tomas-dimales.json


(node:52536) [MODULE_TYPELESS_PACKAGE_JSON] Warning: Module type of file:///Users/alegut/MyApps/Personal/mitos_colombia/src/lib/image-generation.js is not specified and it doesn't parse as CommonJS.
Reparsing as ES module because module syntax was detected. This incurs a performance overhead.
To eliminate this warning, add "type": "module" to /Users/alegut/MyApps/Personal/mitos_colombia/package.json.
(Use `node --trace-warnings ...` to show where the warning was created)
