
▸ Piedra Alta  (#438 · piedra-alta)

  ANTES — respaldo para revertir:
    image_url        = https://c5htob7za0dl3b5x.public.blob.vercel-storage.com/mitos/piedra-alta-1789264738982-DtSn5qbC7Xm3LMlTdge2DLLqUEn1pw.jpg
    vertical_images  = https://c5htob7za0dl3b5x.public.blob.vercel-storage.com/vertical/myth/piedra-alta-1789264739683-N06bxgmWZr22RUhCtqHugmpRL5Hk2w.jpg
    square_image_url = https://c5htob7za0dl3b5x.public.blob.vercel-storage.com/square/myth/piedra-alta-1789264739943-P0FQteHyPaFY6BOqJ9yobqjLwifmaD.jpg

  ESCENAS a publicar:
    entrada  1536×1024 → 1536×1024  entrada-horizontal.jpeg
    acto     1024×1536 → 1024×1536  acto-vertical.jpeg
    huella   1254×1254 → 1254×1254  huella-cuadrada.jpeg
    ✓ entrada 1536×1024 · 687 KB → https://c5htob7za0dl3b5x.public.blob.vercel-storage.com/mitos/piedra-alta-1789326767368-mK8GkEEcL4xRAWPHqFBBR397DtKoWe.jpg
    ✓ acto 1024×1536 · 669 KB → https://c5htob7za0dl3b5x.public.blob.vercel-storage.com/vertical/myth/piedra-alta-1789326768147-UNCcLxYhtJj6uk03xtn6hA9dLdl9Yf.jpg
    ✓ huella 1254×1254 · 554 KB → https://c5htob7za0dl3b5x.public.blob.vercel-storage.com/square/myth/piedra-alta-1789326768418-npIq8ZfJsjfFQMM2Lc5JlZ2KmDjnEG.jpg

  DESPUÉS (fila vertical creada):
    image_url        = https://c5htob7za0dl3b5x.public.blob.vercel-storage.com/mitos/piedra-alta-1789326767368-mK8GkEEcL4xRAWPHqFBBR397DtKoWe.jpg
    vertical_images  = https://c5htob7za0dl3b5x.public.blob.vercel-storage.com/vertical/myth/piedra-alta-1789326768147-UNCcLxYhtJj6uk03xtn6hA9dLdl9Yf.jpg
    square_image_url = https://c5htob7za0dl3b5x.public.blob.vercel-storage.com/square/myth/piedra-alta-1789326768418-npIq8ZfJsjfFQMM2Lc5JlZ2KmDjnEG.jpg

  ✓ Caché purgada: /mitos/piedra-alta, /mitos
  ✓ Recibo aditivo: /Users/alegut/MyApps/Personal/mitos_colombia/content/videos/nasa-paeces/tripticos/maqueta-3d-20260913/publication-receipts/nasa-maqueta-3d-20260913/piedra-alta.json


(node:52496) [MODULE_TYPELESS_PACKAGE_JSON] Warning: Module type of file:///Users/alegut/MyApps/Personal/mitos_colombia/src/lib/image-generation.js is not specified and it doesn't parse as CommonJS.
Reparsing as ES module because module syntax was detected. This incurs a performance overhead.
To eliminate this warning, add "type": "module" to /Users/alegut/MyApps/Personal/mitos_colombia/package.json.
(Use `node --trace-warnings ...` to show where the warning was created)
