
▸ Santo Tomás  (#440 · santo-tomas)

  ANTES — respaldo para revertir:
    image_url        = https://c5htob7za0dl3b5x.public.blob.vercel-storage.com/mitos/santo-tomas-1789265870914-tro2L0K3PpFsnvbC9az11GTanDhxTk.jpg
    vertical_images  = https://c5htob7za0dl3b5x.public.blob.vercel-storage.com/vertical/myth/santo-tomas-1789265871551-OyA2iQiUTe4wBdygavt4f4udSdoMOk.jpg
    square_image_url = https://c5htob7za0dl3b5x.public.blob.vercel-storage.com/square/myth/santo-tomas-1789265871780-rSgRA1iQIKdLfACF4E1Bo6rEqQ0wZR.jpg

  ESCENAS a publicar:
    entrada  1536×1024 → 1536×1024  entrada-horizontal.jpeg
    acto     1024×1536 → 1024×1536  acto-vertical.jpeg
    huella   1254×1254 → 1254×1254  huella-cuadrada.jpeg
    ✓ entrada 1536×1024 · 686 KB → https://c5htob7za0dl3b5x.public.blob.vercel-storage.com/mitos/santo-tomas-1789326793862-Xf0rWHN7JCUozkSxfQrcJq6gpP9dJ8.jpg
    ✓ acto 1024×1536 · 814 KB → https://c5htob7za0dl3b5x.public.blob.vercel-storage.com/vertical/myth/santo-tomas-1789326794492-oB3Hz4FE6w4gnRa9GZOfotBfAh1Ek0.jpg
    ✓ huella 1254×1254 · 647 KB → https://c5htob7za0dl3b5x.public.blob.vercel-storage.com/square/myth/santo-tomas-1789326794793-g0k5q9nh4HxmV68R3WcaiF8QcMEXeg.jpg

  DESPUÉS (fila vertical creada):
    image_url        = https://c5htob7za0dl3b5x.public.blob.vercel-storage.com/mitos/santo-tomas-1789326793862-Xf0rWHN7JCUozkSxfQrcJq6gpP9dJ8.jpg
    vertical_images  = https://c5htob7za0dl3b5x.public.blob.vercel-storage.com/vertical/myth/santo-tomas-1789326794492-oB3Hz4FE6w4gnRa9GZOfotBfAh1Ek0.jpg
    square_image_url = https://c5htob7za0dl3b5x.public.blob.vercel-storage.com/square/myth/santo-tomas-1789326794793-g0k5q9nh4HxmV68R3WcaiF8QcMEXeg.jpg

  ✓ Caché purgada: /mitos/santo-tomas, /mitos
  ✓ Recibo aditivo: /Users/alegut/MyApps/Personal/mitos_colombia/content/videos/nasa-paeces/tripticos/maqueta-3d-20260913/publication-receipts/nasa-maqueta-3d-20260913/santo-tomas.json


(node:52572) [MODULE_TYPELESS_PACKAGE_JSON] Warning: Module type of file:///Users/alegut/MyApps/Personal/mitos_colombia/src/lib/image-generation.js is not specified and it doesn't parse as CommonJS.
Reparsing as ES module because module syntax was detected. This incurs a performance overhead.
To eliminate this warning, add "type": "module" to /Users/alegut/MyApps/Personal/mitos_colombia/package.json.
(Use `node --trace-warnings ...` to show where the warning was created)
