[     115ms] [INFO] %cDownload the React DevTools for a better development experience: https://react.dev/link/react-devtools font-weight:bold @ http://localhost:3003/_next/static/chunks/node_modules_next_dist_1ybzpk2._.js:2477
[     125ms] [LOG] [HMR] connected @ http://localhost:3003/_next/static/chunks/node_modules_next_dist_1ybzpk2._.js:2477
[     139ms] [WARNING] Image with src "/design-system/instagram/bachue-tertiary.png" was detected as the Largest Contentful Paint (LCP). Please add the `loading="eager"` property if this image is above the fold.
Read more: https://nextjs.org/docs/app/api-reference/components/image#loading @ http://localhost:3003/_next/static/chunks/node_modules_next_dist_1ybzpk2._.js:2477
[   23237ms] [LOG] [Fast Refresh] rebuilding @ http://localhost:3003/_next/static/chunks/node_modules_next_dist_1ybzpk2._.js:2477
[   23264ms] [LOG] [Fast Refresh] done in 64ms @ http://localhost:3003/_next/static/chunks/node_modules_next_dist_1ybzpk2._.js:2477
[   35257ms] [INFO] %cDownload the React DevTools for a better development experience: https://react.dev/link/react-devtools font-weight:bold @ http://localhost:3003/_next/static/chunks/node_modules_next_dist_1ybzpk2._.js:2477
[   35266ms] [LOG] [HMR] connected @ http://localhost:3003/_next/static/chunks/node_modules_next_dist_1ybzpk2._.js:2477
[   36467ms] [INFO] %cDownload the React DevTools for a better development experience: https://react.dev/link/react-devtools font-weight:bold @ http://localhost:3003/_next/static/chunks/node_modules_next_dist_1ybzpk2._.js:2477
[   36477ms] [LOG] [HMR] connected @ http://localhost:3003/_next/static/chunks/node_modules_next_dist_1ybzpk2._.js:2477
[   37372ms] [INFO] %cDownload the React DevTools for a better development experience: https://react.dev/link/react-devtools font-weight:bold @ http://localhost:3003/_next/static/chunks/node_modules_next_dist_1ybzpk2._.js:2477
[   37382ms] [LOG] [HMR] connected @ http://localhost:3003/_next/static/chunks/node_modules_next_dist_1ybzpk2._.js:2477
[   38164ms] [INFO] %cDownload the React DevTools for a better development experience: https://react.dev/link/react-devtools font-weight:bold @ http://localhost:3003/_next/static/chunks/node_modules_next_dist_1ybzpk2._.js:2477
[   38171ms] [LOG] [HMR] connected @ http://localhost:3003/_next/static/chunks/node_modules_next_dist_1ybzpk2._.js:2477
[   38210ms] [WARNING] Image with src "/design-system/instagram/bachue-tertiary.png" was detected as the Largest Contentful Paint (LCP). Please add the `loading="eager"` property if this image is above the fold.
Read more: https://nextjs.org/docs/app/api-reference/components/image#loading @ http://localhost:3003/_next/static/chunks/node_modules_next_dist_1ybzpk2._.js:2477
[   38948ms] [INFO] %cDownload the React DevTools for a better development experience: https://react.dev/link/react-devtools font-weight:bold @ http://localhost:3003/_next/static/chunks/node_modules_next_dist_1ybzpk2._.js:2477
[   38955ms] [LOG] [HMR] connected @ http://localhost:3003/_next/static/chunks/node_modules_next_dist_1ybzpk2._.js:2477
[   90539ms] [LOG] [Fast Refresh] rebuilding @ http://localhost:3003/_next/static/chunks/node_modules_next_dist_1ybzpk2._.js:2477
[   90674ms] [LOG] [Fast Refresh] done in 238ms @ http://localhost:3003/_next/static/chunks/node_modules_next_dist_1ybzpk2._.js:2477
