[     175ms] [INFO] %cDownload the React DevTools for a better development experience: https://react.dev/link/react-devtools font-weight:bold @ http://localhost:3003/_next/static/chunks/node_modules_next_dist_1ybzpk2._.js:2477
[     191ms] [LOG] [HMR] connected @ http://localhost:3003/_next/static/chunks/node_modules_next_dist_1ybzpk2._.js:2477
[     377ms] [WARNING] Image with src "/design-system/instagram/bachue-tertiary.png" was detected as the Largest Contentful Paint (LCP). Please add the `loading="eager"` property if this image is above the fold.
Read more: https://nextjs.org/docs/app/api-reference/components/image#loading @ http://localhost:3003/_next/static/chunks/node_modules_next_dist_1ybzpk2._.js:2477
[  133091ms] [LOG] [Fast Refresh] rebuilding @ http://localhost:3003/_next/static/chunks/node_modules_next_dist_1ybzpk2._.js:2477
[  133127ms] [LOG] [Fast Refresh] done in 41ms @ http://localhost:3003/_next/static/chunks/node_modules_next_dist_1ybzpk2._.js:2477
[  299845ms] [LOG] [Fast Refresh] rebuilding @ http://localhost:3003/_next/static/chunks/node_modules_next_dist_1ybzpk2._.js:2477
[  300012ms] [LOG] [Fast Refresh] done in 220ms @ http://localhost:3003/_next/static/chunks/node_modules_next_dist_1ybzpk2._.js:2477
[  374609ms] [LOG] [Fast Refresh] rebuilding @ http://localhost:3003/_next/static/chunks/node_modules_next_dist_1ybzpk2._.js:2477
[  374654ms] [LOG] [Fast Refresh] done in 75ms @ http://localhost:3003/_next/static/chunks/node_modules_next_dist_1ybzpk2._.js:2477
[  406758ms] [LOG] [Fast Refresh] rebuilding @ http://localhost:3003/_next/static/chunks/node_modules_next_dist_1ybzpk2._.js:2477
[  406790ms] [LOG] [Fast Refresh] done in 38ms @ http://localhost:3003/_next/static/chunks/node_modules_next_dist_1ybzpk2._.js:2477
[  526654ms] [LOG] [Fast Refresh] rebuilding @ http://localhost:3003/_next/static/chunks/node_modules_next_dist_1ybzpk2._.js:2477
[  527732ms] [LOG] [Fast Refresh] done in 1180ms @ http://localhost:3003/_next/static/chunks/node_modules_next_dist_1ybzpk2._.js:2477
[  590916ms] [LOG] [Fast Refresh] rebuilding @ http://localhost:3003/_next/static/chunks/node_modules_next_dist_1ybzpk2._.js:2477
[  591074ms] [LOG] [Fast Refresh] done in 199ms @ http://localhost:3003/_next/static/chunks/node_modules_next_dist_1ybzpk2._.js:2477
[  641290ms] [LOG] [Fast Refresh] rebuilding @ http://localhost:3003/_next/static/chunks/node_modules_next_dist_1ybzpk2._.js:2477
[  641607ms] [LOG] [Fast Refresh] done in 224ms @ http://localhost:3003/_next/static/chunks/node_modules_next_dist_1ybzpk2._.js:2477
[  650179ms] [LOG] [Fast Refresh] rebuilding @ http://localhost:3003/_next/static/chunks/node_modules_next_dist_1ybzpk2._.js:2477
[  650198ms] [LOG] [Fast Refresh] done in 121ms @ http://localhost:3003/_next/static/chunks/node_modules_next_dist_1ybzpk2._.js:2477
[  842672ms] [LOG] [Fast Refresh] rebuilding @ http://localhost:3003/_next/static/chunks/node_modules_next_dist_1ybzpk2._.js:2477
[  843771ms] [LOG] [Fast Refresh] done in 1201ms @ http://localhost:3003/_next/static/chunks/node_modules_next_dist_1ybzpk2._.js:2477
[  969088ms] [LOG] [HMR] connected @ http://localhost:3003/_next/static/chunks/node_modules_next_dist_1ybzpk2._.js:2477
[  970688ms] [INFO] %cDownload the React DevTools for a better development experience: https://react.dev/link/react-devtools font-weight:bold @ http://localhost:3003/_next/static/chunks/node_modules_next_dist_1ybzpk2._.js:2477
[  970721ms] [LOG] [HMR] connected @ http://localhost:3003/_next/static/chunks/node_modules_next_dist_1ybzpk2._.js:2477
[  970751ms] [WARNING] Image with src "/design-system/instagram/bachue-tertiary.png" was detected as the Largest Contentful Paint (LCP). Please add the `loading="eager"` property if this image is above the fold.
Read more: https://nextjs.org/docs/app/api-reference/components/image#loading @ http://localhost:3003/_next/static/chunks/node_modules_next_dist_1ybzpk2._.js:2477
[ 1002859ms] [ERROR] WebSocket connection to 'ws://localhost:3003/_next/webpack-hmr?id=rUUE5E4IuLVOaCRuxad8v' failed: Error during WebSocket handshake: net::ERR_CONNECTION_RESET @ http://localhost:3003/_next/static/chunks/node_modules_next_dist_client_0r5nbpw._.js:13422
[ 1003863ms] [ERROR] WebSocket connection to 'ws://localhost:3003/_next/webpack-hmr?id=rUUE5E4IuLVOaCRuxad8v' failed: Error during WebSocket handshake: net::ERR_CONNECTION_RESET @ http://localhost:3003/_next/static/chunks/node_modules_next_dist_client_0r5nbpw._.js:13422
[ 1004866ms] [LOG] [HMR] connected @ http://localhost:3003/_next/static/chunks/node_modules_next_dist_1ybzpk2._.js:2477
[ 1008642ms] [INFO] %cDownload the React DevTools for a better development experience: https://react.dev/link/react-devtools font-weight:bold @ http://localhost:3003/_next/static/chunks/node_modules_next_dist_1ybzpk2._.js:2477
[ 1008652ms] [LOG] [HMR] connected @ http://localhost:3003/_next/static/chunks/node_modules_next_dist_1ybzpk2._.js:2477
[ 1008922ms] [WARNING] Image with src "/design-system/instagram/bachue-tertiary.png" was detected as the Largest Contentful Paint (LCP). Please add the `loading="eager"` property if this image is above the fold.
Read more: https://nextjs.org/docs/app/api-reference/components/image#loading @ http://localhost:3003/_next/static/chunks/node_modules_next_dist_1ybzpk2._.js:2477
[ 1224040ms] [LOG] [Fast Refresh] rebuilding @ http://localhost:3003/_next/static/chunks/node_modules_next_dist_1ybzpk2._.js:2477
[ 1224202ms] [LOG] [Fast Refresh] done in 200ms @ http://localhost:3003/_next/static/chunks/node_modules_next_dist_1ybzpk2._.js:2477
[ 1632022ms] [LOG] [Fast Refresh] rebuilding @ http://localhost:3003/_next/static/chunks/node_modules_next_dist_1ybzpk2._.js:2477
[ 1632049ms] [LOG] [Fast Refresh] done in 64ms @ http://localhost:3003/_next/static/chunks/node_modules_next_dist_1ybzpk2._.js:2477
[ 1699324ms] [LOG] [Fast Refresh] rebuilding @ http://localhost:3003/_next/static/chunks/node_modules_next_dist_1ybzpk2._.js:2477
[ 1699459ms] [LOG] [Fast Refresh] done in 238ms @ http://localhost:3003/_next/static/chunks/node_modules_next_dist_1ybzpk2._.js:2477
[ 1811174ms] [ERROR] WebSocket connection to 'ws://localhost:3003/_next/webpack-hmr?id=o1dhviqBXIOD_uztPb7wY' failed: Error during WebSocket handshake: net::ERR_CONNECTION_RESET @ http://localhost:3003/_next/static/chunks/node_modules_next_dist_client_0r5nbpw._.js:13422
[ 1812175ms] [ERROR] WebSocket connection to 'ws://localhost:3003/_next/webpack-hmr?id=o1dhviqBXIOD_uztPb7wY' failed: Error during WebSocket handshake: net::ERR_CONNECTION_RESET @ http://localhost:3003/_next/static/chunks/node_modules_next_dist_client_0r5nbpw._.js:13422
[ 1813177ms] [ERROR] WebSocket connection to 'ws://localhost:3003/_next/webpack-hmr?id=o1dhviqBXIOD_uztPb7wY' failed: Error during WebSocket handshake: net::ERR_CONNECTION_RESET @ http://localhost:3003/_next/static/chunks/node_modules_next_dist_client_0r5nbpw._.js:13422
[ 1814180ms] [ERROR] WebSocket connection to 'ws://localhost:3003/_next/webpack-hmr?id=o1dhviqBXIOD_uztPb7wY' failed: Error during WebSocket handshake: net::ERR_CONNECTION_RESET @ http://localhost:3003/_next/static/chunks/node_modules_next_dist_client_0r5nbpw._.js:13422
[ 1815188ms] [LOG] [HMR] connected @ http://localhost:3003/_next/static/chunks/node_modules_next_dist_1ybzpk2._.js:2477
[ 1818696ms] [INFO] %cDownload the React DevTools for a better development experience: https://react.dev/link/react-devtools font-weight:bold @ http://localhost:3003/_next/static/chunks/node_modules_next_dist_1ybzpk2._.js:2477
[ 1818822ms] [LOG] [HMR] connected @ http://localhost:3003/_next/static/chunks/node_modules_next_dist_1ybzpk2._.js:2477
[ 1818972ms] [LOG] [Fast Refresh] rebuilding @ http://localhost:3003/_next/static/chunks/node_modules_next_dist_1ybzpk2._.js:2477
[ 1818981ms] [LOG] [Fast Refresh] done in 112ms @ http://localhost:3003/_next/static/chunks/node_modules_next_dist_1ybzpk2._.js:2477
[ 1819087ms] [WARNING] Image with src "/design-system/instagram/bachue-tertiary.png" was detected as the Largest Contentful Paint (LCP). Please add the `loading="eager"` property if this image is above the fold.
Read more: https://nextjs.org/docs/app/api-reference/components/image#loading @ http://localhost:3003/_next/static/chunks/node_modules_next_dist_1ybzpk2._.js:2477
[ 2359872ms] [LOG] [Fast Refresh] rebuilding @ http://localhost:3003/_next/static/chunks/node_modules_next_dist_1ybzpk2._.js:2477
[ 2360134ms] [LOG] [Fast Refresh] done in 316ms @ http://localhost:3003/_next/static/chunks/node_modules_next_dist_1ybzpk2._.js:2477
[ 2377567ms] [LOG] [Fast Refresh] rebuilding @ http://localhost:3003/_next/static/chunks/node_modules_next_dist_1ybzpk2._.js:2477
[ 2377711ms] [LOG] [Fast Refresh] done in 208ms @ http://localhost:3003/_next/static/chunks/node_modules_next_dist_1ybzpk2._.js:2477
[ 2409358ms] [LOG] [Fast Refresh] rebuilding @ http://localhost:3003/_next/static/chunks/node_modules_next_dist_1ybzpk2._.js:2477
[ 2409477ms] [LOG] [Fast Refresh] done in 126ms @ http://localhost:3003/_next/static/chunks/node_modules_next_dist_1ybzpk2._.js:2477
[ 2430100ms] [LOG] [Fast Refresh] rebuilding @ http://localhost:3003/_next/static/chunks/node_modules_next_dist_1ybzpk2._.js:2477
[ 2431004ms] [LOG] [Fast Refresh] done in 934ms @ http://localhost:3003/_next/static/chunks/node_modules_next_dist_1ybzpk2._.js:2477
[ 2431046ms] [LOG] [Fast Refresh] rebuilding @ http://localhost:3003/_next/static/chunks/node_modules_next_dist_1ybzpk2._.js:2477
[ 2431047ms] [LOG] [Fast Refresh] done in 0ms @ http://localhost:3003/_next/static/chunks/node_modules_next_dist_1ybzpk2._.js:2477
[ 2521802ms] [LOG] [Fast Refresh] rebuilding @ http://localhost:3003/_next/static/chunks/node_modules_next_dist_1ybzpk2._.js:2477
[ 2521946ms] [LOG] [Fast Refresh] done in 246ms @ http://localhost:3003/_next/static/chunks/node_modules_next_dist_1ybzpk2._.js:2477
[ 3529333ms] [LOG] [Fast Refresh] rebuilding @ http://localhost:3003/_next/static/chunks/node_modules_next_dist_1ybzpk2._.js:2477
[ 3529659ms] [LOG] [Fast Refresh] done in 317ms @ http://localhost:3003/_next/static/chunks/node_modules_next_dist_1ybzpk2._.js:2477
[ 3582685ms] [LOG] [Fast Refresh] rebuilding @ http://localhost:3003/_next/static/chunks/node_modules_next_dist_1ybzpk2._.js:2477
[ 3582717ms] [LOG] [Fast Refresh] done in 39ms @ http://localhost:3003/_next/static/chunks/node_modules_next_dist_1ybzpk2._.js:2477
[ 3745730ms] [LOG] [Fast Refresh] rebuilding @ http://localhost:3003/_next/static/chunks/node_modules_next_dist_1ybzpk2._.js:2477
[ 3745865ms] [LOG] [Fast Refresh] done in 235ms @ http://localhost:3003/_next/static/chunks/node_modules_next_dist_1ybzpk2._.js:2477
[ 3809349ms] [ERROR] WebSocket connection to 'ws://localhost:3003/_next/webpack-hmr?id=YiF_7o89R3hD8FkMGOudf' failed: Error during WebSocket handshake: net::ERR_CONNECTION_RESET @ http://localhost:3003/_next/static/chunks/node_modules_next_dist_client_0r5nbpw._.js:13422
[ 3810352ms] [ERROR] WebSocket connection to 'ws://localhost:3003/_next/webpack-hmr?id=YiF_7o89R3hD8FkMGOudf' failed: Error during WebSocket handshake: net::ERR_CONNECTION_RESET @ http://localhost:3003/_next/static/chunks/node_modules_next_dist_client_0r5nbpw._.js:13422
[ 3811356ms] [ERROR] WebSocket connection to 'ws://localhost:3003/_next/webpack-hmr?id=YiF_7o89R3hD8FkMGOudf' failed: Error during WebSocket handshake: net::ERR_CONNECTION_RESET @ http://localhost:3003/_next/static/chunks/node_modules_next_dist_client_0r5nbpw._.js:13422
[ 3812358ms] [ERROR] WebSocket connection to 'ws://localhost:3003/_next/webpack-hmr?id=YiF_7o89R3hD8FkMGOudf' failed: Error during WebSocket handshake: net::ERR_CONNECTION_RESET @ http://localhost:3003/_next/static/chunks/node_modules_next_dist_client_0r5nbpw._.js:13422
[ 3813367ms] [LOG] [HMR] connected @ http://localhost:3003/_next/static/chunks/node_modules_next_dist_1ybzpk2._.js:2477
[ 3817355ms] [INFO] %cDownload the React DevTools for a better development experience: https://react.dev/link/react-devtools font-weight:bold @ http://localhost:3003/_next/static/chunks/node_modules_next_dist_1ybzpk2._.js:2477
[ 3817371ms] [LOG] [HMR] connected @ http://localhost:3003/_next/static/chunks/node_modules_next_dist_1ybzpk2._.js:2477
[ 3818182ms] [WARNING] Image with src "/design-system/instagram/bachue-tertiary.png" was detected as the Largest Contentful Paint (LCP). Please add the `loading="eager"` property if this image is above the fold.
Read more: https://nextjs.org/docs/app/api-reference/components/image#loading @ http://localhost:3003/_next/static/chunks/node_modules_next_dist_1ybzpk2._.js:2477
[ 4244013ms] [LOG] [Fast Refresh] rebuilding @ http://localhost:3003/_next/static/chunks/node_modules_next_dist_1ybzpk2._.js:2477
[ 4244276ms] [LOG] [Fast Refresh] done in 256ms @ http://localhost:3003/_next/static/chunks/node_modules_next_dist_1ybzpk2._.js:2477
[ 4244432ms] [LOG] [Fast Refresh] rebuilding @ http://localhost:3003/_next/static/chunks/node_modules_next_dist_1ybzpk2._.js:2477
[ 4244440ms] [LOG] [Fast Refresh] done in 109ms @ http://localhost:3003/_next/static/chunks/node_modules_next_dist_1ybzpk2._.js:2477
[ 4265077ms] [ERROR] WebSocket connection to 'ws://localhost:3003/_next/webpack-hmr?id=vTpC6LCULA9JDNm0-8QSI' failed: Error during WebSocket handshake: net::ERR_CONNECTION_RESET @ http://localhost:3003/_next/static/chunks/node_modules_next_dist_client_0r5nbpw._.js:13422
[ 4266080ms] [ERROR] WebSocket connection to 'ws://localhost:3003/_next/webpack-hmr?id=vTpC6LCULA9JDNm0-8QSI' failed: Error during WebSocket handshake: net::ERR_CONNECTION_RESET @ http://localhost:3003/_next/static/chunks/node_modules_next_dist_client_0r5nbpw._.js:13422
[ 4267095ms] [LOG] [HMR] connected @ http://localhost:3003/_next/static/chunks/node_modules_next_dist_1ybzpk2._.js:2477
[ 4270657ms] [INFO] %cDownload the React DevTools for a better development experience: https://react.dev/link/react-devtools font-weight:bold @ http://localhost:3003/_next/static/chunks/node_modules_next_dist_1ybzpk2._.js:2477
[ 4270675ms] [LOG] [HMR] connected @ http://localhost:3003/_next/static/chunks/node_modules_next_dist_1ybzpk2._.js:2477
[ 4270825ms] [LOG] [Fast Refresh] rebuilding @ http://localhost:3003/_next/static/chunks/node_modules_next_dist_1ybzpk2._.js:2477
[ 4270828ms] [LOG] [Fast Refresh] done in 104ms @ http://localhost:3003/_next/static/chunks/node_modules_next_dist_1ybzpk2._.js:2477
[ 4271238ms] [WARNING] Image with src "/design-system/instagram/bachue-tertiary.png" was detected as the Largest Contentful Paint (LCP). Please add the `loading="eager"` property if this image is above the fold.
Read more: https://nextjs.org/docs/app/api-reference/components/image#loading @ http://localhost:3003/_next/static/chunks/node_modules_next_dist_1ybzpk2._.js:2477
