[     130ms] [INFO] %cDownload the React DevTools for a better development experience: https://react.dev/link/react-devtools font-weight:bold @ http://localhost:3003/_next/static/chunks/node_modules_next_dist_1ybzpk2._.js:2477
[     142ms] [LOG] [HMR] connected @ http://localhost:3003/_next/static/chunks/node_modules_next_dist_1ybzpk2._.js:2477
[  523312ms] [LOG] [Fast Refresh] rebuilding @ http://localhost:3003/_next/static/chunks/node_modules_next_dist_1ybzpk2._.js:2477
[  523573ms] [LOG] [Fast Refresh] done in 316ms @ http://localhost:3003/_next/static/chunks/node_modules_next_dist_1ybzpk2._.js:2477
[  541005ms] [LOG] [Fast Refresh] rebuilding @ http://localhost:3003/_next/static/chunks/node_modules_next_dist_1ybzpk2._.js:2477
[  541150ms] [LOG] [Fast Refresh] done in 208ms @ http://localhost:3003/_next/static/chunks/node_modules_next_dist_1ybzpk2._.js:2477
[  572797ms] [LOG] [Fast Refresh] rebuilding @ http://localhost:3003/_next/static/chunks/node_modules_next_dist_1ybzpk2._.js:2477
[  572916ms] [LOG] [Fast Refresh] done in 126ms @ http://localhost:3003/_next/static/chunks/node_modules_next_dist_1ybzpk2._.js:2477
[  593539ms] [LOG] [Fast Refresh] rebuilding @ http://localhost:3003/_next/static/chunks/node_modules_next_dist_1ybzpk2._.js:2477
[  594443ms] [LOG] [Fast Refresh] done in 934ms @ http://localhost:3003/_next/static/chunks/node_modules_next_dist_1ybzpk2._.js:2477
[  594485ms] [LOG] [Fast Refresh] rebuilding @ http://localhost:3003/_next/static/chunks/node_modules_next_dist_1ybzpk2._.js:2477
[  594486ms] [LOG] [Fast Refresh] done in 1ms @ http://localhost:3003/_next/static/chunks/node_modules_next_dist_1ybzpk2._.js:2477
[  685241ms] [LOG] [Fast Refresh] rebuilding @ http://localhost:3003/_next/static/chunks/node_modules_next_dist_1ybzpk2._.js:2477
[  685385ms] [LOG] [Fast Refresh] done in 246ms @ http://localhost:3003/_next/static/chunks/node_modules_next_dist_1ybzpk2._.js:2477
[ 1692772ms] [LOG] [Fast Refresh] rebuilding @ http://localhost:3003/_next/static/chunks/node_modules_next_dist_1ybzpk2._.js:2477
[ 1693098ms] [LOG] [Fast Refresh] done in 317ms @ http://localhost:3003/_next/static/chunks/node_modules_next_dist_1ybzpk2._.js:2477
[ 1746124ms] [LOG] [Fast Refresh] rebuilding @ http://localhost:3003/_next/static/chunks/node_modules_next_dist_1ybzpk2._.js:2477
[ 1746156ms] [LOG] [Fast Refresh] done in 39ms @ http://localhost:3003/_next/static/chunks/node_modules_next_dist_1ybzpk2._.js:2477
[ 1909171ms] [LOG] [Fast Refresh] rebuilding @ http://localhost:3003/_next/static/chunks/node_modules_next_dist_1ybzpk2._.js:2477
[ 1909304ms] [LOG] [Fast Refresh] done in 235ms @ http://localhost:3003/_next/static/chunks/node_modules_next_dist_1ybzpk2._.js:2477
[ 1972788ms] [ERROR] WebSocket connection to 'ws://localhost:3003/_next/webpack-hmr?id=xmJIp1OBX9c0sB-P-xTny' failed: Error during WebSocket handshake: net::ERR_CONNECTION_RESET @ http://localhost:3003/_next/static/chunks/node_modules_next_dist_client_0r5nbpw._.js:13422
[ 1973791ms] [ERROR] WebSocket connection to 'ws://localhost:3003/_next/webpack-hmr?id=xmJIp1OBX9c0sB-P-xTny' failed: Error during WebSocket handshake: net::ERR_CONNECTION_RESET @ http://localhost:3003/_next/static/chunks/node_modules_next_dist_client_0r5nbpw._.js:13422
[ 1974794ms] [ERROR] WebSocket connection to 'ws://localhost:3003/_next/webpack-hmr?id=xmJIp1OBX9c0sB-P-xTny' failed: Error during WebSocket handshake: net::ERR_CONNECTION_RESET @ http://localhost:3003/_next/static/chunks/node_modules_next_dist_client_0r5nbpw._.js:13422
[ 1975796ms] [ERROR] WebSocket connection to 'ws://localhost:3003/_next/webpack-hmr?id=xmJIp1OBX9c0sB-P-xTny' failed: Error during WebSocket handshake: net::ERR_CONNECTION_RESET @ http://localhost:3003/_next/static/chunks/node_modules_next_dist_client_0r5nbpw._.js:13422
[ 1976813ms] [LOG] [HMR] connected @ http://localhost:3003/_next/static/chunks/node_modules_next_dist_1ybzpk2._.js:2477
[ 1980859ms] [INFO] %cDownload the React DevTools for a better development experience: https://react.dev/link/react-devtools font-weight:bold @ http://localhost:3003/_next/static/chunks/node_modules_next_dist_1ybzpk2._.js:2477
[ 1980890ms] [LOG] [HMR] connected @ http://localhost:3003/_next/static/chunks/node_modules_next_dist_1ybzpk2._.js:2477
[ 2407452ms] [LOG] [Fast Refresh] rebuilding @ http://localhost:3003/_next/static/chunks/node_modules_next_dist_1ybzpk2._.js:2477
[ 2407715ms] [LOG] [Fast Refresh] done in 256ms @ http://localhost:3003/_next/static/chunks/node_modules_next_dist_1ybzpk2._.js:2477
[ 2407872ms] [LOG] [Fast Refresh] rebuilding @ http://localhost:3003/_next/static/chunks/node_modules_next_dist_1ybzpk2._.js:2477
[ 2407879ms] [LOG] [Fast Refresh] done in 109ms @ http://localhost:3003/_next/static/chunks/node_modules_next_dist_1ybzpk2._.js:2477
[ 2428516ms] [ERROR] WebSocket connection to 'ws://localhost:3003/_next/webpack-hmr?id=gm76Ho7bU3JsMQxm4y1bn' failed: Error during WebSocket handshake: net::ERR_CONNECTION_RESET @ http://localhost:3003/_next/static/chunks/node_modules_next_dist_client_0r5nbpw._.js:13422
[ 2429519ms] [ERROR] WebSocket connection to 'ws://localhost:3003/_next/webpack-hmr?id=gm76Ho7bU3JsMQxm4y1bn' failed: Error during WebSocket handshake: net::ERR_CONNECTION_RESET @ http://localhost:3003/_next/static/chunks/node_modules_next_dist_client_0r5nbpw._.js:13422
[ 2430535ms] [LOG] [HMR] connected @ http://localhost:3003/_next/static/chunks/node_modules_next_dist_1ybzpk2._.js:2477
[ 2434156ms] [INFO] %cDownload the React DevTools for a better development experience: https://react.dev/link/react-devtools font-weight:bold @ http://localhost:3003/_next/static/chunks/node_modules_next_dist_1ybzpk2._.js:2477
[ 2434175ms] [LOG] [HMR] connected @ http://localhost:3003/_next/static/chunks/node_modules_next_dist_1ybzpk2._.js:2477
