[     105ms] [INFO] %cDownload the React DevTools for a better development experience: https://react.dev/link/react-devtools font-weight:bold @ http://localhost:3003/_next/static/chunks/node_modules_next_dist_1ybzpk2._.js:2477
[     111ms] [LOG] [HMR] connected @ http://localhost:3003/_next/static/chunks/node_modules_next_dist_1ybzpk2._.js:2477
[  136657ms] [ERROR] WebSocket connection to 'ws://localhost:3003/_next/webpack-hmr?id=Lg8MDh4PLC1WgJjEADI4G' failed: Error during WebSocket handshake: net::ERR_CONNECTION_RESET @ http://localhost:3003/_next/static/chunks/node_modules_next_dist_client_0r5nbpw._.js:13422
[  137660ms] [ERROR] WebSocket connection to 'ws://localhost:3003/_next/webpack-hmr?id=Lg8MDh4PLC1WgJjEADI4G' failed: Error during WebSocket handshake: net::ERR_CONNECTION_RESET @ http://localhost:3003/_next/static/chunks/node_modules_next_dist_client_0r5nbpw._.js:13422
[  138664ms] [ERROR] WebSocket connection to 'ws://localhost:3003/_next/webpack-hmr?id=Lg8MDh4PLC1WgJjEADI4G' failed: Error during WebSocket handshake: net::ERR_CONNECTION_RESET @ http://localhost:3003/_next/static/chunks/node_modules_next_dist_client_0r5nbpw._.js:13422
[  139667ms] [ERROR] WebSocket connection to 'ws://localhost:3003/_next/webpack-hmr?id=Lg8MDh4PLC1WgJjEADI4G' failed: Error during WebSocket handshake: net::ERR_CONNECTION_RESET @ http://localhost:3003/_next/static/chunks/node_modules_next_dist_client_0r5nbpw._.js:13422
[  140674ms] [LOG] [HMR] connected @ http://localhost:3003/_next/static/chunks/node_modules_next_dist_1ybzpk2._.js:2477
[  143831ms] [INFO] %cDownload the React DevTools for a better development experience: https://react.dev/link/react-devtools font-weight:bold @ http://localhost:3003/_next/static/chunks/node_modules_next_dist_1ybzpk2._.js:2477
[  143841ms] [LOG] [HMR] connected @ http://localhost:3003/_next/static/chunks/node_modules_next_dist_1ybzpk2._.js:2477
[ 1302755ms] [LOG] [Fast Refresh] rebuilding @ http://localhost:3003/_next/static/chunks/node_modules_next_dist_1ybzpk2._.js:2477
[ 1302937ms] [LOG] [Fast Refresh] done in 284ms @ http://localhost:3003/_next/static/chunks/node_modules_next_dist_1ybzpk2._.js:2477
[ 1438327ms] [LOG] [Fast Refresh] rebuilding @ http://localhost:3003/_next/static/chunks/node_modules_next_dist_1ybzpk2._.js:2477
[ 1438833ms] [LOG] [Fast Refresh] done in 276ms @ http://localhost:3003/_next/static/chunks/node_modules_next_dist_1ybzpk2._.js:2477
[ 1438885ms] [WARNING] [Fast Refresh] performing full reload

Fast Refresh will perform a full reload when you edit a file that's imported by modules outside of the React rendering tree.
You might have a file which exports a React component but also exports a value that is imported by a non-React component file.
Consider migrating the non-React component export to a separate file and importing it into both files.

It is also possible the parent component of the component you edited is a class component, which disables Fast Refresh.
Fast Refresh requires at least one parent function component in your React tree. @ http://localhost:3003/_next/static/chunks/node_modules_next_dist_1ybzpk2._.js:2477
[ 1439100ms] [LOG] [Fast Refresh] rebuilding @ http://localhost:3003/_next/static/chunks/node_modules_next_dist_1ybzpk2._.js:2477
[ 1439110ms] [LOG] [Fast Refresh] done in 111ms @ http://localhost:3003/_next/static/chunks/node_modules_next_dist_1ybzpk2._.js:2477
[ 1439302ms] [INFO] %cDownload the React DevTools for a better development experience: https://react.dev/link/react-devtools font-weight:bold @ http://localhost:3003/_next/static/chunks/node_modules_next_dist_1ybzpk2._.js:2477
[ 1439320ms] [LOG] [HMR] connected @ http://localhost:3003/_next/static/chunks/node_modules_next_dist_1ybzpk2._.js:2477
[ 1449710ms] [LOG] [Fast Refresh] rebuilding @ http://localhost:3003/_next/static/chunks/node_modules_next_dist_1ybzpk2._.js:2477
[ 1450416ms] [LOG] [Fast Refresh] done in 808ms @ http://localhost:3003/_next/static/chunks/node_modules_next_dist_1ybzpk2._.js:2477
